[2025-02-12 05:26:26,752] - [INFO] - client.cat_favorites_client (line: 29) -  Logger initialized
[2025-02-12 05:30:26,520] - [INFO] - client.cat_favorites_client (line: 29) -  Logger initialized
[2025-02-12 05:30:27,472] - [INFO] - client.cat_favorites_client (line: 29) -  Logger initialized
[2025-02-12 05:30:27,479] - [INFO] - fixture.authorization_fixture (line: 29) -  Logger initialized
[2025-02-12 05:30:27,480] - [INFO] - fixture.authorization_fixture (line: 12) -  Loggin of test execution has started
[2025-02-12 05:30:27,480] - [INFO] - client.cat_favorites_client (line: 37) -  Making POST request to: https://api.thecatapi.com//v1/favourites with body: {'image_id': 'obaTsuI7xH', 'sub_id': 'O3vbrMTJ3Z'}
[2025-02-12 05:30:27,993] - [INFO] - client.cat_favorites_client (line: 44) -  Received response with status code: 200 and body: {"message":"SUCCESS","id":232515388}
[2025-02-12 05:30:28,191] - [INFO] - fixture.authorization_fixture (line: 16) -  Logging of test execution has ended
[2025-02-12 05:31:02,923] - [INFO] - client.cat_favorites_client (line: 29) -  Logger initialized
[2025-02-12 05:31:07,324] - [INFO] - client.cat_favorites_client (line: 29) -  Logger initialized
[2025-02-12 05:31:07,342] - [INFO] - fixture.authorization_fixture (line: 29) -  Logger initialized
[2025-02-12 05:31:07,343] - [INFO] - fixture.authorization_fixture (line: 12) -  Loggin of test execution has started
[2025-02-12 05:31:07,343] - [INFO] - client.cat_favorites_client (line: 37) -  Making POST request to: https://api.thecatapi.com//v1/favourites with body: {'image_id': 'nBzzYDcWOn', 'sub_id': 'eG2sVqhgcj'}
[2025-02-12 05:31:07,875] - [INFO] - client.cat_favorites_client (line: 44) -  Received response with status code: 200 and body: {"message":"SUCCESS","id":232515389}
[2025-02-12 05:31:07,878] - [INFO] - fixture.authorization_fixture (line: 41) -  test_retrieve_favorites_by_id favorites has started:
[2025-02-12 05:31:08,099] - [INFO] - client.cat_favorites_client (line: 48) -  Making DELETE request to: https://api.thecatapi.com//v1/favourites with params: {'api_key': 'live_Qc2yvxGD20H7cPuXf2TMWoxZmGT25UVZyPKHwR5vIlxLvmjLvx01PwXo8rXYu78O'}
[2025-02-12 05:31:08,569] - [INFO] - client.cat_favorites_client (line: 54) -  Received response with status code: 200 and body: {"message":"SUCCESS"}
[2025-02-12 05:31:08,571] - [INFO] - fixture.authorization_fixture (line: 16) -  Logging of test execution has ended
[2025-02-12 05:33:01,936] - [INFO] - client.cat_favorites_client (line: 29) -  Logger initialized
[2025-02-12 05:33:01,956] - [INFO] - fixture.authorization_fixture (line: 29) -  Logger initialized
[2025-02-12 05:33:01,957] - [INFO] - fixture.authorization_fixture (line: 12) -  Loggin of test execution has started
[2025-02-12 05:33:01,958] - [INFO] - client.cat_favorites_client (line: 37) -  Making POST request to: https://api.thecatapi.com//v1/favourites with body: {'image_id': 'OXjzxK41nk', 'sub_id': 'l5BaRa4qVr'}
[2025-02-12 05:33:02,179] - [INFO] - client.cat_favorites_client (line: 29) -  Logger initialized
[2025-02-12 05:33:02,471] - [INFO] - client.cat_favorites_client (line: 44) -  Received response with status code: 200 and body: {"message":"SUCCESS","id":232515391}
[2025-02-12 05:33:02,475] - [INFO] - fixture.authorization_fixture (line: 41) -  test_retrieve_favorites_by_id favorites has started:
[2025-02-12 05:33:02,475] - [INFO] - client.cat_favorites_client (line: 27) -  Making GET request to: https://api.thecatapi.com//v1/favourites with params: {'api_key': 'live_Qc2yvxGD20H7cPuXf2TMWoxZmGT25UVZyPKHwR5vIlxLvmjLvx01PwXo8rXYu78O'}
[2025-02-12 05:33:02,979] - [INFO] - client.cat_favorites_client (line: 33) -  Received response with status code: 200, params: {'api_key': 'live_Qc2yvxGD20H7cPuXf2TMWoxZmGT25UVZyPKHwR5vIlxLvmjLvx01PwXo8rXYu78O'} and body: {"id":232515391,"user_id":"1ui9xu","image_id":"OXjzxK41nk","sub_id":"l5BaRa4qVr","created_at":"2025-02-12T03:33:02.000Z","image":{}}
[2025-02-12 05:33:03,184] - [INFO] - client.cat_favorites_client (line: 48) -  Making DELETE request to: https://api.thecatapi.com//v1/favourites with params: {'api_key': 'live_Qc2yvxGD20H7cPuXf2TMWoxZmGT25UVZyPKHwR5vIlxLvmjLvx01PwXo8rXYu78O'}
[2025-02-12 05:33:03,653] - [INFO] - client.cat_favorites_client (line: 54) -  Received response with status code: 200 and body: {"message":"SUCCESS"}
[2025-02-12 05:33:03,655] - [INFO] - fixture.authorization_fixture (line: 16) -  Logging of test execution has ended
[2025-02-12 05:35:42,072] - [INFO] - client.cat_favorites_client (line: 29) -  Logger initialized
[2025-02-12 05:35:42,513] - [INFO] - client.cat_favorites_client (line: 29) -  Logger initialized
[2025-02-12 05:35:42,520] - [INFO] - fixture.authorization_fixture (line: 29) -  Logger initialized
[2025-02-12 05:35:42,520] - [INFO] - fixture.authorization_fixture (line: 12) -  Loggin of test execution has started
[2025-02-12 05:35:42,520] - [INFO] - client.cat_favorites_client (line: 37) -  Making POST request to: https://api.thecatapi.com//v1/favourites with body: {'image_id': 'GsSfk5owsC', 'sub_id': 'b9vhowl69O'}
[2025-02-12 05:35:43,080] - [INFO] - client.cat_favorites_client (line: 44) -  Received response with status code: 200 and body: {"message":"SUCCESS","id":232515392}
[2025-02-12 05:35:43,774] - [INFO] - fixture.authorization_fixture (line: 16) -  Logging of test execution has ended
[2025-02-12 05:37:16,538] - [INFO] - client.cat_favorites_client (line: 29) -  Logger initialized
[2025-02-12 05:37:17,834] - [INFO] - client.cat_favorites_client (line: 29) -  Logger initialized
[2025-02-12 05:37:17,844] - [INFO] - fixture.authorization_fixture (line: 29) -  Logger initialized
[2025-02-12 05:37:17,844] - [INFO] - fixture.authorization_fixture (line: 12) -  Loggin of test execution has started
[2025-02-12 05:37:17,844] - [INFO] - client.cat_favorites_client (line: 37) -  Making POST request to: https://api.thecatapi.com//v1/favourites with body: {'image_id': 'IJVSbSFkr2', 'sub_id': 'TLBKWwFa0a'}
[2025-02-12 05:37:18,428] - [INFO] - client.cat_favorites_client (line: 44) -  Received response with status code: 200 and body: {"message":"SUCCESS","id":232515395}
[2025-02-12 05:37:18,429] - [INFO] - fixture.authorization_fixture (line: 39) -  test_retrieve_favorites_by_id favorites has started:
[2025-02-12 05:37:18,430] - [INFO] - client.cat_favorites_client (line: 27) -  Making GET request to: https://api.thecatapi.com//v1/favourites with params: {'api_key': 'live_Qc2yvxGD20H7cPuXf2TMWoxZmGT25UVZyPKHwR5vIlxLvmjLvx01PwXo8rXYu78O'}
[2025-02-12 05:37:18,895] - [INFO] - client.cat_favorites_client (line: 33) -  Received response with status code: 200, params: {'api_key': 'live_Qc2yvxGD20H7cPuXf2TMWoxZmGT25UVZyPKHwR5vIlxLvmjLvx01PwXo8rXYu78O'} and body: {"id":232515395,"user_id":"1ui9xu","image_id":"IJVSbSFkr2","sub_id":"TLBKWwFa0a","created_at":"2025-02-12T03:37:18.000Z","image":{}}
[2025-02-12 05:37:19,116] - [INFO] - client.cat_favorites_client (line: 48) -  Making DELETE request to: https://api.thecatapi.com//v1/favourites with params: {'api_key': 'live_Qc2yvxGD20H7cPuXf2TMWoxZmGT25UVZyPKHwR5vIlxLvmjLvx01PwXo8rXYu78O'}
[2025-02-12 05:37:19,579] - [INFO] - client.cat_favorites_client (line: 54) -  Received response with status code: 200 and body: {"message":"SUCCESS"}
[2025-02-12 05:37:19,580] - [INFO] - fixture.authorization_fixture (line: 16) -  Logging of test execution has ended
[2025-02-12 05:38:01,554] - [INFO] - client.cat_favorites_client (line: 29) -  Logger initialized
[2025-02-12 05:38:01,562] - [INFO] - fixture.authorization_fixture (line: 29) -  Logger initialized
[2025-02-12 05:38:01,562] - [INFO] - fixture.authorization_fixture (line: 12) -  Loggin of test execution has started
[2025-02-12 05:38:01,562] - [INFO] - client.cat_favorites_client (line: 37) -  Making POST request to: https://api.thecatapi.com//v1/favourites with body: {'image_id': 'p6zTFJJOK2', 'sub_id': 'EmdJQ4xana'}
[2025-02-12 05:38:01,771] - [INFO] - client.cat_favorites_client (line: 29) -  Logger initialized
[2025-02-12 05:38:02,037] - [INFO] - client.cat_favorites_client (line: 44) -  Received response with status code: 200 and body: {"message":"SUCCESS","id":232515396}
[2025-02-12 05:38:02,039] - [INFO] - fixture.authorization_fixture (line: 39) -  test_retrieve_favorites_by_id favorites has started:
[2025-02-12 05:38:02,040] - [INFO] - client.cat_favorites_client (line: 27) -  Making GET request to: https://api.thecatapi.com//v1/favourites with params: {'api_key': 'live_Qc2yvxGD20H7cPuXf2TMWoxZmGT25UVZyPKHwR5vIlxLvmjLvx01PwXo8rXYu78O'}
[2025-02-12 05:38:02,525] - [INFO] - client.cat_favorites_client (line: 33) -  Received response with status code: 200, params: {'api_key': 'live_Qc2yvxGD20H7cPuXf2TMWoxZmGT25UVZyPKHwR5vIlxLvmjLvx01PwXo8rXYu78O'} and body: {"id":232515396,"user_id":"1ui9xu","image_id":"p6zTFJJOK2","sub_id":"EmdJQ4xana","created_at":"2025-02-12T03:38:02.000Z","image":{}}
[2025-02-12 05:38:02,528] - [INFO] - client.cat_favorites_client (line: 48) -  Making DELETE request to: https://api.thecatapi.com//v1/favourites with params: {'api_key': 'live_Qc2yvxGD20H7cPuXf2TMWoxZmGT25UVZyPKHwR5vIlxLvmjLvx01PwXo8rXYu78O'}
[2025-02-12 05:38:03,001] - [INFO] - client.cat_favorites_client (line: 54) -  Received response with status code: 200 and body: {"message":"SUCCESS"}
[2025-02-12 05:38:03,003] - [INFO] - fixture.authorization_fixture (line: 16) -  Logging of test execution has ended
[2025-02-12 05:39:22,048] - [INFO] - client.cat_favorites_client (line: 29) -  Logger initialized
[2025-02-12 05:39:52,896] - [INFO] - client.cat_favorites_client (line: 29) -  Logger initialized
[2025-02-12 05:39:53,552] - [INFO] - client.cat_favorites_client (line: 29) -  Logger initialized
[2025-02-12 05:40:12,265] - [INFO] - client.cat_favorites_client (line: 29) -  Logger initialized
[2025-02-12 05:40:19,935] - [INFO] - client.cat_favorites_client (line: 29) -  Logger initialized
[2025-02-12 05:40:19,947] - [INFO] - fixture.authorization_fixture (line: 29) -  Logger initialized
[2025-02-12 05:40:19,947] - [INFO] - fixture.authorization_fixture (line: 12) -  Loggin of test execution has started
[2025-02-12 05:40:19,948] - [INFO] - fixture.authorization_fixture (line: 67) -  test_retrieve_favorites_by_id_invalid_api_key favorites has started:
[2025-02-12 05:40:19,948] - [INFO] - client.cat_favorites_client (line: 28) -  Making GET request to: https://api.thecatapi.com//v1/favourites/invalid_id with params: {'api_key': ''}
[2025-02-12 05:40:20,226] - [INFO] - client.cat_favorites_client (line: 34) -  Received response with status code: 401, params: {'api_key': ''} and body: AUTHENTICATION_ERROR - you need to send your API Key as the 'x-api-key' header
[2025-02-12 05:40:20,232] - [INFO] - fixture.authorization_fixture (line: 67) -  test_retrieve_favorites_by_id_invalid_api_key favorites has started:
[2025-02-12 05:40:20,233] - [INFO] - client.cat_favorites_client (line: 28) -  Making GET request to: https://api.thecatapi.com//v1/favourites/invalid_id with params: {'api_key': 'invalid_api_key'}
[2025-02-12 05:40:20,508] - [INFO] - client.cat_favorites_client (line: 34) -  Received response with status code: 401, params: {'api_key': 'invalid_api_key'} and body: AUTHENTICATION_ERROR - you need to send your API Key as the 'x-api-key' header
[2025-02-12 05:40:20,511] - [INFO] - fixture.authorization_fixture (line: 16) -  Logging of test execution has ended
[2025-02-12 05:42:22,724] - [INFO] - client.cat_favorites_client (line: 29) -  Logger initialized
[2025-02-12 05:42:39,514] - [INFO] - client.cat_favorites_client (line: 29) -  Logger initialized
[2025-02-12 05:42:39,522] - [INFO] - fixture.authorization_fixture (line: 29) -  Logger initialized
[2025-02-12 05:42:39,522] - [INFO] - fixture.authorization_fixture (line: 12) -  Loggin of test execution has started
[2025-02-12 05:42:39,523] - [INFO] - fixture.authorization_fixture (line: 26) -  test_retrieve_favorites favorites has started:
[2025-02-12 05:42:39,523] - [INFO] - client.cat_favorites_client (line: 17) -  Making GET request to: https://api.thecatapi.com//v1/favourites with params: {'api_key': 'live_Qc2yvxGD20H7cPuXf2TMWoxZmGT25UVZyPKHwR5vIlxLvmjLvx01PwXo8rXYu78O'}
[2025-02-12 05:42:41,195] - [INFO] - client.cat_favorites_client (line: 23) -  Received response with status code: 200 and body: [{"id":232514427,"user_id":"1ui9xu","image_id":"asf2","sub_id":"my-user-1234","created_at":"2025-02-06T01:08:04.000Z","image":{}},{"id":232514431,"user_id":"1ui9xu","image_id":"Hylo4Snaf","sub_id":"my-user-1234","created_at":"2025-02-06T01:17:40.000Z","image":{}},{"id":232514432,"user_id":"1ui9xu","image_id":"-1","sub_id":"my-user-1234","created_at":"2025-02-06T01:17:49.000Z","image":{}},{"id":232514437,"user_id":"1ui9xu","image_id":"Hylo4Snaf","sub_id":"my-user-1236","created_at":"2025-02-06T01:22:20.000Z","image":{}},{"id":232515360,"user_id":"1ui9xu","image_id":"random_pic","sub_id":"my-user-1234","created_at":"2025-02-12T00:32:42.000Z","image":{}},{"id":232515362,"user_id":"1ui9xu","image_id":"bco5LkOuxc","sub_id":"cESwVOagJT","created_at":"2025-02-12T01:35:13.000Z","image":{}},{"id":232515364,"user_id":"1ui9xu","image_id":"nrr4Dxxym8","sub_id":"xqUHKqQQ3t","created_at":"2025-02-12T01:47:33.000Z","image":{}},{"id":232515365,"user_id":"1ui9xu","image_id":"NWxrbAxbjW","sub_id":"vk9Uj7RdmA","created_at":"2025-02-12T01:48:41.000Z","image":{}},{"id":232515366,"user_id":"1ui9xu","image_id":"znZmpFbX2x","sub_id":"FHmblbamxS","created_at":"2025-02-12T01:51:33.000Z","image":{}},{"id":232515368,"user_id":"1ui9xu","image_id":"Ggahz5paXs","sub_id":"tX2NvoOu2E","created_at":"2025-02-12T01:54:47.000Z","image":{}},{"id":232515369,"user_id":"1ui9xu","image_id":"RvoicyujQU","sub_id":"kUWtQdYCrv","created_at":"2025-02-12T01:55:21.000Z","image":{}},{"id":232515370,"user_id":"1ui9xu","image_id":"4njNGT2eox","sub_id":"SGkEmMXcCT","created_at":"2025-02-12T01:55:53.000Z","image":{}},{"id":232515371,"user_id":"1ui9xu","image_id":"evyiyCeNmS","sub_id":"7kr5z7zTLs","created_at":"2025-02-12T01:56:36.000Z","image":{}},{"id":232515372,"user_id":"1ui9xu","image_id":"UP6ie826GP","sub_id":"o4oc00OpzX","created_at":"2025-02-12T01:58:47.000Z","image":{}},{"id":232515373,"user_id":"1ui9xu","image_id":"KkPWEfplro","sub_id":"KrcxrObK1N","created_at":"2025-02-12T02:02:07.000Z","image":{}},{"id":232515374,"user_id":"1ui9xu","image_id":"xDYQuWxeut","sub_id":"salqRK8lDb","created_at":"2025-02-12T02:02:38.000Z","image":{}},{"id":232515375,"user_id":"1ui9xu","image_id":"hjXwdBEexc","sub_id":"SJ3RVgz2cQ","created_at":"2025-02-12T02:08:07.000Z","image":{}},{"id":232515376,"user_id":"1ui9xu","image_id":"M8lGYpVxnT","sub_id":"KQqD3haWSV","created_at":"2025-02-12T02:08:45.000Z","image":{}},{"id":232515378,"user_id":"1ui9xu","image_id":"pveE9JBzrQ","sub_id":"tWe8p7hPL7","created_at":"2025-02-12T02:14:14.000Z","image":{}},{"id":232515379,"user_id":"1ui9xu","image_id":"cs4jlXwwNJ","sub_id":"rXibY3Y1vY","created_at":"2025-02-12T02:15:59.000Z","image":{}},{"id":232515380,"user_id":"1ui9xu","image_id":"eAvskFVtyp","sub_id":"zgyT5mCOtT","created_at":"2025-02-12T02:16:41.000Z","image":{}},{"id":232515381,"user_id":"1ui9xu","image_id":"HHEE25R82Q","sub_id":"BICiaTAYh8","created_at":"2025-02-12T02:18:28.000Z","image":{}},{"id":232515382,"user_id":"1ui9xu","image_id":"EWf1CaVdwC","sub_id":"gdzOPpuBjX","created_at":"2025-02-12T02:19:22.000Z","image":{}},{"id":232515388,"user_id":"1ui9xu","image_id":"obaTsuI7xH","sub_id":"O3vbrMTJ3Z","created_at":"2025-02-12T03:30:28.000Z","image":{}},{"id":232515392,"user_id":"1ui9xu","image_id":"GsSfk5owsC","sub_id":"b9vhowl69O","created_at":"2025-02-12T03:35:43.000Z","image":{}}]
[2025-02-12 05:42:41,218] - [INFO] - fixture.authorization_fixture (line: 62) -  test_retrieve_favorites_invalid_api_key favorites has started:
[2025-02-12 05:42:41,219] - [INFO] - client.cat_favorites_client (line: 17) -  Making GET request to: https://api.thecatapi.com//v1/favourites with params: {'api_key': ''}
[2025-02-12 05:42:41,454] - [INFO] - client.cat_favorites_client (line: 23) -  Received response with status code: 401 and body: AUTHENTICATION_ERROR - you need to send your API Key as the 'x-api-key' header
[2025-02-12 05:42:41,463] - [INFO] - fixture.authorization_fixture (line: 62) -  test_retrieve_favorites_invalid_api_key favorites has started:
[2025-02-12 05:42:41,463] - [INFO] - client.cat_favorites_client (line: 17) -  Making GET request to: https://api.thecatapi.com//v1/favourites with params: {'api_key': 'invalid_api_key'}
[2025-02-12 05:42:41,730] - [INFO] - client.cat_favorites_client (line: 23) -  Received response with status code: 401 and body: AUTHENTICATION_ERROR - you need to send your API Key as the 'x-api-key' header
[2025-02-12 05:42:41,738] - [INFO] - fixture.authorization_fixture (line: 69) -  test_retrieve_favorites_by_id_invalid_api_key favorites has started:
[2025-02-12 05:42:41,739] - [INFO] - client.cat_favorites_client (line: 28) -  Making GET request to: https://api.thecatapi.com//v1/favourites/invalid_id with params: {'api_key': ''}
[2025-02-12 05:42:41,990] - [INFO] - client.cat_favorites_client (line: 34) -  Received response with status code: 401, params: {'api_key': ''} and body: AUTHENTICATION_ERROR - you need to send your API Key as the 'x-api-key' header
[2025-02-12 05:42:41,996] - [INFO] - fixture.authorization_fixture (line: 69) -  test_retrieve_favorites_by_id_invalid_api_key favorites has started:
[2025-02-12 05:42:41,996] - [INFO] - client.cat_favorites_client (line: 28) -  Making GET request to: https://api.thecatapi.com//v1/favourites/invalid_id with params: {'api_key': 'invalid_api_key'}
[2025-02-12 05:42:42,273] - [INFO] - client.cat_favorites_client (line: 34) -  Received response with status code: 401, params: {'api_key': 'invalid_api_key'} and body: AUTHENTICATION_ERROR - you need to send your API Key as the 'x-api-key' header
[2025-02-12 05:42:42,275] - [INFO] - fixture.authorization_fixture (line: 75) -  test_retrieve_favorites_by_id_with_invalid_id favorites has started:
[2025-02-12 05:42:42,275] - [INFO] - client.cat_favorites_client (line: 28) -  Making GET request to: https://api.thecatapi.com//v1/favourites/invalid_id with params: {'api_key': 'live_Qc2yvxGD20H7cPuXf2TMWoxZmGT25UVZyPKHwR5vIlxLvmjLvx01PwXo8rXYu78O'}
[2025-02-12 05:42:42,694] - [INFO] - client.cat_favorites_client (line: 34) -  Received response with status code: 404, params: {'api_key': 'live_Qc2yvxGD20H7cPuXf2TMWoxZmGT25UVZyPKHwR5vIlxLvmjLvx01PwXo8rXYu78O'} and body: NOT_FOUND
[2025-02-12 05:42:42,696] - [INFO] - fixture.authorization_fixture (line: 16) -  Logging of test execution has ended
[2025-02-12 05:43:44,708] - [INFO] - client.cat_favorites_client (line: 29) -  Logger initialized
[2025-02-12 05:43:47,506] - [INFO] - client.cat_favorites_client (line: 29) -  Logger initialized
[2025-02-12 05:43:47,515] - [INFO] - fixture.authorization_fixture (line: 29) -  Logger initialized
[2025-02-12 05:43:47,516] - [INFO] - fixture.authorization_fixture (line: 12) -  Loggin of test execution has started
[2025-02-12 05:43:47,517] - [INFO] - fixture.authorization_fixture (line: 26) -  test_retrieve_favorites favorites has started:
[2025-02-12 05:43:47,517] - [INFO] - client.cat_favorites_client (line: 17) -  Making GET request to: https://api.thecatapi.com//v1/favourites with params: {'api_key': 'live_Qc2yvxGD20H7cPuXf2TMWoxZmGT25UVZyPKHwR5vIlxLvmjLvx01PwXo8rXYu78O'}
[2025-02-12 05:43:49,144] - [INFO] - client.cat_favorites_client (line: 23) -  Received response with status code: 200 and body: [{"id":232514427,"user_id":"1ui9xu","image_id":"asf2","sub_id":"my-user-1234","created_at":"2025-02-06T01:08:04.000Z","image":{}},{"id":232514431,"user_id":"1ui9xu","image_id":"Hylo4Snaf","sub_id":"my-user-1234","created_at":"2025-02-06T01:17:40.000Z","image":{}},{"id":232514432,"user_id":"1ui9xu","image_id":"-1","sub_id":"my-user-1234","created_at":"2025-02-06T01:17:49.000Z","image":{}},{"id":232514437,"user_id":"1ui9xu","image_id":"Hylo4Snaf","sub_id":"my-user-1236","created_at":"2025-02-06T01:22:20.000Z","image":{}},{"id":232515360,"user_id":"1ui9xu","image_id":"random_pic","sub_id":"my-user-1234","created_at":"2025-02-12T00:32:42.000Z","image":{}},{"id":232515362,"user_id":"1ui9xu","image_id":"bco5LkOuxc","sub_id":"cESwVOagJT","created_at":"2025-02-12T01:35:13.000Z","image":{}},{"id":232515364,"user_id":"1ui9xu","image_id":"nrr4Dxxym8","sub_id":"xqUHKqQQ3t","created_at":"2025-02-12T01:47:33.000Z","image":{}},{"id":232515365,"user_id":"1ui9xu","image_id":"NWxrbAxbjW","sub_id":"vk9Uj7RdmA","created_at":"2025-02-12T01:48:41.000Z","image":{}},{"id":232515366,"user_id":"1ui9xu","image_id":"znZmpFbX2x","sub_id":"FHmblbamxS","created_at":"2025-02-12T01:51:33.000Z","image":{}},{"id":232515368,"user_id":"1ui9xu","image_id":"Ggahz5paXs","sub_id":"tX2NvoOu2E","created_at":"2025-02-12T01:54:47.000Z","image":{}},{"id":232515369,"user_id":"1ui9xu","image_id":"RvoicyujQU","sub_id":"kUWtQdYCrv","created_at":"2025-02-12T01:55:21.000Z","image":{}},{"id":232515370,"user_id":"1ui9xu","image_id":"4njNGT2eox","sub_id":"SGkEmMXcCT","created_at":"2025-02-12T01:55:53.000Z","image":{}},{"id":232515371,"user_id":"1ui9xu","image_id":"evyiyCeNmS","sub_id":"7kr5z7zTLs","created_at":"2025-02-12T01:56:36.000Z","image":{}},{"id":232515372,"user_id":"1ui9xu","image_id":"UP6ie826GP","sub_id":"o4oc00OpzX","created_at":"2025-02-12T01:58:47.000Z","image":{}},{"id":232515373,"user_id":"1ui9xu","image_id":"KkPWEfplro","sub_id":"KrcxrObK1N","created_at":"2025-02-12T02:02:07.000Z","image":{}},{"id":232515374,"user_id":"1ui9xu","image_id":"xDYQuWxeut","sub_id":"salqRK8lDb","created_at":"2025-02-12T02:02:38.000Z","image":{}},{"id":232515375,"user_id":"1ui9xu","image_id":"hjXwdBEexc","sub_id":"SJ3RVgz2cQ","created_at":"2025-02-12T02:08:07.000Z","image":{}},{"id":232515376,"user_id":"1ui9xu","image_id":"M8lGYpVxnT","sub_id":"KQqD3haWSV","created_at":"2025-02-12T02:08:45.000Z","image":{}},{"id":232515378,"user_id":"1ui9xu","image_id":"pveE9JBzrQ","sub_id":"tWe8p7hPL7","created_at":"2025-02-12T02:14:14.000Z","image":{}},{"id":232515379,"user_id":"1ui9xu","image_id":"cs4jlXwwNJ","sub_id":"rXibY3Y1vY","created_at":"2025-02-12T02:15:59.000Z","image":{}},{"id":232515380,"user_id":"1ui9xu","image_id":"eAvskFVtyp","sub_id":"zgyT5mCOtT","created_at":"2025-02-12T02:16:41.000Z","image":{}},{"id":232515381,"user_id":"1ui9xu","image_id":"HHEE25R82Q","sub_id":"BICiaTAYh8","created_at":"2025-02-12T02:18:28.000Z","image":{}},{"id":232515382,"user_id":"1ui9xu","image_id":"EWf1CaVdwC","sub_id":"gdzOPpuBjX","created_at":"2025-02-12T02:19:22.000Z","image":{}},{"id":232515388,"user_id":"1ui9xu","image_id":"obaTsuI7xH","sub_id":"O3vbrMTJ3Z","created_at":"2025-02-12T03:30:28.000Z","image":{}},{"id":232515392,"user_id":"1ui9xu","image_id":"GsSfk5owsC","sub_id":"b9vhowl69O","created_at":"2025-02-12T03:35:43.000Z","image":{}}]
[2025-02-12 05:43:49,151] - [INFO] - client.cat_favorites_client (line: 38) -  Making POST request to: https://api.thecatapi.com//v1/favourites with body: {'image_id': 'xhYg0spbGa', 'sub_id': 'QwU5W3VNea'}
[2025-02-12 05:43:49,634] - [INFO] - client.cat_favorites_client (line: 45) -  Received response with status code: 200 and body: {"message":"SUCCESS","id":232515398}
[2025-02-12 05:43:49,635] - [INFO] - fixture.authorization_fixture (line: 37) -  test_retrieve_favorites_by_id favorites has started:
[2025-02-12 05:43:49,636] - [INFO] - client.cat_favorites_client (line: 28) -  Making GET request to: https://api.thecatapi.com//v1/favourites/232515398 with params: {'api_key': 'live_Qc2yvxGD20H7cPuXf2TMWoxZmGT25UVZyPKHwR5vIlxLvmjLvx01PwXo8rXYu78O'}
[2025-02-12 05:43:50,078] - [INFO] - client.cat_favorites_client (line: 34) -  Received response with status code: 200, params: {'api_key': 'live_Qc2yvxGD20H7cPuXf2TMWoxZmGT25UVZyPKHwR5vIlxLvmjLvx01PwXo8rXYu78O'} and body: {"id":232515398,"user_id":"1ui9xu","image_id":"xhYg0spbGa","sub_id":"QwU5W3VNea","created_at":"2025-02-12T03:43:49.000Z","image":{}}
[2025-02-12 05:43:50,082] - [INFO] - client.cat_favorites_client (line: 50) -  Making DELETE request to: https://api.thecatapi.com//v1/favourites/232515398 with params: {'api_key': 'live_Qc2yvxGD20H7cPuXf2TMWoxZmGT25UVZyPKHwR5vIlxLvmjLvx01PwXo8rXYu78O'}
[2025-02-12 05:43:50,550] - [INFO] - client.cat_favorites_client (line: 56) -  Received response with status code: 200 and body: {"message":"SUCCESS"}
[2025-02-12 05:43:50,553] - [INFO] - fixture.authorization_fixture (line: 62) -  test_retrieve_favorites_invalid_api_key favorites has started:
[2025-02-12 05:43:50,554] - [INFO] - client.cat_favorites_client (line: 17) -  Making GET request to: https://api.thecatapi.com//v1/favourites with params: {'api_key': ''}
[2025-02-12 05:43:50,769] - [INFO] - client.cat_favorites_client (line: 23) -  Received response with status code: 401 and body: AUTHENTICATION_ERROR - you need to send your API Key as the 'x-api-key' header
[2025-02-12 05:43:50,780] - [INFO] - fixture.authorization_fixture (line: 62) -  test_retrieve_favorites_invalid_api_key favorites has started:
[2025-02-12 05:43:50,781] - [INFO] - client.cat_favorites_client (line: 17) -  Making GET request to: https://api.thecatapi.com//v1/favourites with params: {'api_key': 'invalid_api_key'}
[2025-02-12 05:43:51,056] - [INFO] - client.cat_favorites_client (line: 23) -  Received response with status code: 401 and body: AUTHENTICATION_ERROR - you need to send your API Key as the 'x-api-key' header
[2025-02-12 05:43:51,066] - [INFO] - fixture.authorization_fixture (line: 69) -  test_retrieve_favorites_by_id_invalid_api_key favorites has started:
[2025-02-12 05:43:51,067] - [INFO] - client.cat_favorites_client (line: 28) -  Making GET request to: https://api.thecatapi.com//v1/favourites/invalid_id with params: {'api_key': ''}
[2025-02-12 05:43:51,296] - [INFO] - client.cat_favorites_client (line: 34) -  Received response with status code: 401, params: {'api_key': ''} and body: AUTHENTICATION_ERROR - you need to send your API Key as the 'x-api-key' header
[2025-02-12 05:43:51,305] - [INFO] - fixture.authorization_fixture (line: 69) -  test_retrieve_favorites_by_id_invalid_api_key favorites has started:
[2025-02-12 05:43:51,306] - [INFO] - client.cat_favorites_client (line: 28) -  Making GET request to: https://api.thecatapi.com//v1/favourites/invalid_id with params: {'api_key': 'invalid_api_key'}
[2025-02-12 05:43:51,572] - [INFO] - client.cat_favorites_client (line: 34) -  Received response with status code: 401, params: {'api_key': 'invalid_api_key'} and body: AUTHENTICATION_ERROR - you need to send your API Key as the 'x-api-key' header
[2025-02-12 05:43:51,575] - [INFO] - fixture.authorization_fixture (line: 75) -  test_retrieve_favorites_by_id_with_invalid_id favorites has started:
[2025-02-12 05:43:51,576] - [INFO] - client.cat_favorites_client (line: 28) -  Making GET request to: https://api.thecatapi.com//v1/favourites/invalid_id with params: {'api_key': 'live_Qc2yvxGD20H7cPuXf2TMWoxZmGT25UVZyPKHwR5vIlxLvmjLvx01PwXo8rXYu78O'}
[2025-02-12 05:43:52,008] - [INFO] - client.cat_favorites_client (line: 34) -  Received response with status code: 404, params: {'api_key': 'live_Qc2yvxGD20H7cPuXf2TMWoxZmGT25UVZyPKHwR5vIlxLvmjLvx01PwXo8rXYu78O'} and body: NOT_FOUND
[2025-02-12 05:43:52,011] - [INFO] - fixture.authorization_fixture (line: 16) -  Logging of test execution has ended
[2025-02-13 22:08:52,756] - [INFO] - client.cat_favorites_client (line: 29) -  Logger initialized
[2025-02-13 22:09:00,132] - [INFO] - client.cat_favorites_client (line: 29) -  Logger initialized
[2025-02-13 22:09:00,150] - [INFO] - fixture.authorization_fixture (line: 29) -  Logger initialized
[2025-02-13 22:09:00,151] - [INFO] - fixture.authorization_fixture (line: 12) -  Loggin of test execution has started
[2025-02-13 22:09:00,153] - [INFO] - fixture.authorization_fixture (line: 72) -  test_create_favorite_with_empty_image_id has started:
[2025-02-13 22:09:00,153] - [INFO] - client.cat_favorites_client (line: 38) -  Making POST request to: https://api.thecatapi.com//v1/favourites with body: {'image_id': '', 'sub_id': 'nLO5ToiYnminJ2Em1Hh2XeZpIdlzk6OFBRwpsyBEZrUgTXkHFBPpnd4xmIGlxBtIr2FPaHZWcb5tBiTdEIMXheJDYJVYDBkav4bgXWpY4AEYTtVoRr6KnlOBmYtIrzllGB7QH1PQ8s282axthC6KYNEdz5LL1MaUt0AVpW3Genuaof07lNyLzzAbgWRfucQiB9bhH4tPkCQ2kBhbFWT2EzxriMvQ8E0dtJS0dv4Tr0O2paeRVOGAkrJJQGt5fFV0Avi0ZmmSEAu9Njhn30buXcJd8tWV1Nqn8stiqdYgaNju'}
[2025-02-13 22:09:01,065] - [INFO] - client.cat_favorites_client (line: 45) -  Received response with status code: 400 and body: "image_id" is not allowed to be empty
[2025-02-13 22:09:01,068] - [INFO] - fixture.authorization_fixture (line: 16) -  Logging of test execution has ended
[2025-02-13 22:09:23,666] - [INFO] - client.cat_favorites_client (line: 29) -  Logger initialized
[2025-02-13 22:09:30,825] - [INFO] - client.cat_favorites_client (line: 29) -  Logger initialized
[2025-02-13 22:09:33,071] - [INFO] - client.cat_favorites_client (line: 29) -  Logger initialized
[2025-02-13 22:09:33,083] - [INFO] - fixture.authorization_fixture (line: 29) -  Logger initialized
[2025-02-13 22:09:33,086] - [INFO] - fixture.authorization_fixture (line: 12) -  Loggin of test execution has started
[2025-02-13 22:09:33,088] - [INFO] - fixture.authorization_fixture (line: 72) -  test_create_favorite_with_empty_image_id has started:
[2025-02-13 22:09:33,089] - [INFO] - client.cat_favorites_client (line: 38) -  Making POST request to: https://api.thecatapi.com//v1/favourites with body: {'image_id': 'nVaORlER0c5vVehelpkl766N5lWwlaqHIGWidQ016J1Gnrwj7HbFn3kd5JZ7gNKQL26xIB1Bi7kkzpQVMYvq5yw318zsgKRVguqb90OXv9wDaQWofM18rUKZVlMZYNT5dbZQwwlgfVQT0RjRAF6WZktbutEJF84ifCPVIPo4QLnnkPo0cywbOX9yCYJ961pjbSfSJ2IqR4DOwxvsXoE2Xx6ZvZ5hiF9WIm40LvaINyKb9IhhW1EV9orBsDzOh0dfuW4VCLaQMZfiSsxd9mcv8t4vZ1UVJ8fAYMVxojenBSJq', 'sub_id': 'XK5NgXsF78'}
[2025-02-13 22:09:33,616] - [INFO] - client.cat_favorites_client (line: 45) -  Received response with status code: 200 and body: {"message":"SUCCESS","id":232515825}
[2025-02-13 22:09:34,011] - [INFO] - fixture.authorization_fixture (line: 16) -  Logging of test execution has ended
[2025-02-13 22:09:55,183] - [INFO] - client.cat_favorites_client (line: 29) -  Logger initialized
[2025-02-13 22:09:56,615] - [INFO] - client.cat_favorites_client (line: 29) -  Logger initialized
[2025-02-13 22:09:56,627] - [INFO] - fixture.authorization_fixture (line: 29) -  Logger initialized
[2025-02-13 22:09:56,627] - [INFO] - fixture.authorization_fixture (line: 12) -  Loggin of test execution has started
[2025-02-13 22:09:56,629] - [INFO] - fixture.authorization_fixture (line: 72) -  test_create_favorite_with_empty_image_id has started:
[2025-02-13 22:09:56,631] - [INFO] - client.cat_favorites_client (line: 38) -  Making POST request to: https://api.thecatapi.com//v1/favourites with body: {'image_id': '7zpkSGL0G4PN2gd3e4aC4wfKSLZiQuPW9HrfD9Wzvt2Jj5T7rnySCrzQm7ClpQYfuimgZUAzxcB8X5Cmv4qONK4aoEZbPg9RvcAmYukCsHSLR8GWcIP9kAHltGWJVsaxZ1KaFIBy7ZmXqdcWwoqLXqLPt0VnU2NuQpr7advRAcnsAHx80ZyerlYYbeHDxrmHxq9aSbCo3AIJStFah3KunhXYR6WbUa6HtjkCE9pYbEQgkM9udF8L6SEMmQVMe3oAXxo79NxcGgqKmQv5IA4LEdjcA2l99gmVfjq2OwIbu8EOyCqzb0QgyiHT4FZ43AMPPPiqDtLIaO0aHnN3tLbdu9l97xJCqvgDyGf7VsjIphddYOPwXyRfRdQfrVxNxpNdLORPvNDO9vKAsEj002IHs2QpZHmpRzpqgCwDEHhugtWBjYaDzuHVHZPrEYrY9BboU40u8pfjoJpYYzwS5xtNwZ5uR2MI8PIfi9Pafd2b36y2Y0DENtNaIcTUkbOB6ZLmzv4M9qP8lccBlZb7a4h7h5PKm3B4GrhzwDat7NaKgySLcthzSo02B9wZBlQFjzZYB2tSq0Jopms5xSsJFtWJ4miDQrPsu1XHqg1Bgb33Xlc1xuVpjiKqFe97fZSXezcjo7mi11ATX0t6ObtzfMZijhxeGlvn3wNqLG0hZwt6S8SkLuOAEybdfyISPoDroYERw96MI5SMBgwhdw7gQSaOCJEgPtNds8Ebo7z4jSRVay7nUY2H56Kdjrc978xpXBwPA5xKamgEgKHwgZQdANqo1T4mkG94A7ATTUdsPtWpK0JkP6xIoJN7YrtL8xmbTSJ3fDfRFCqs8TpGR4O0gwxQEkrdV543nDxCGyuTNEafnCkgwTiKfd4BzwYNVfU4oaiiHkNn0En20JXP2FS9iQhzbEKJrdRHqw3bGdWAWcIPprethcdPpITJuAaX44Zx32yw3fhrELOdEtk4X5TrmNa9rldZNbe1MR6ZRTDiMQ6Y', 'sub_id': 'AEMqOWNsYH'}
[2025-02-13 22:09:57,132] - [INFO] - client.cat_favorites_client (line: 45) -  Received response with status code: 200 and body: {"message":"SUCCESS","id":232515826}
[2025-02-13 22:09:57,473] - [INFO] - fixture.authorization_fixture (line: 16) -  Logging of test execution has ended
[2025-02-13 22:10:13,887] - [INFO] - client.cat_favorites_client (line: 29) -  Logger initialized
[2025-02-13 22:10:15,123] - [INFO] - client.cat_favorites_client (line: 29) -  Logger initialized
[2025-02-13 22:10:15,157] - [INFO] - fixture.authorization_fixture (line: 29) -  Logger initialized
[2025-02-13 22:10:15,157] - [INFO] - fixture.authorization_fixture (line: 12) -  Loggin of test execution has started
[2025-02-13 22:10:15,159] - [INFO] - fixture.authorization_fixture (line: 72) -  test_create_favorite_with_empty_image_id has started:
[2025-02-13 22:10:15,163] - [INFO] - client.cat_favorites_client (line: 38) -  Making POST request to: https://api.thecatapi.com//v1/favourites with body: {'image_id': 'CUzi44dk9mkxQp1MEJEf2KxY0R6UBlW3GahN1KTFOCo7ITnVvVv3fW5UhPmCyR5UsULrCYyruO0koWuFUWe1xWycpNsmEURziOBBI39W3SeYNNPsd5kX6WOeHHV9cHiRcbMOronljgZwkVdbuw6miFM91tavozejdSWn45DaSKf7xAOCA6jHcIsisKoDJqD3YRjWaOxplzgaPyIke8CewREzngCQIUQBNHFv4mGjw2AJYMqUsWFHBr0PvzrFX6hQ6ddLwx0LOsewSnx8njSLInzTEgMO1BPAle6HowxxD5bN1q1hIRA43r40rGpAfY0AWu07Pi16BBgTBOUww5nP1Ogt4jgQkMqtXzaQZJPN8c3X5VZ1gG5FeX5MiJGhFUBusBvyq63NnMLan6KCAKQwAXEfqCQQNLntI87z74LqYf9EH30a0xI2dcQInUL7qXqUmR6rpfJb3TiqiRpKSjrpsGZN9G9fEFhXlCLmWfMymeF6bcFlPnM1ecY3FTef8QFIMT1p8F8mJ4MeXidDdSTI651eqj3jthTIBxyUlnOATGCVWJGRRq7GZiCqB0ognTqx9c31s1XoQzqNMjiEwBJp8uyLxjrgjSB0khExqujnmX396rsIcpkzrIKccQeA5HpGVAViquVbcSbuvEFn7Suj2u1OlHa4PzHzvMrHBTYivtUeuyIFqc3Lsy5xb5J5BScdfmXOLhDyR7MofPh9aPc3kh0LLuipGDND0OLU5bCiOrwu9tKRilUKGWF5dPVtHpDA5hNyFlp78HaPKLt15KozOr5o1K5gkm8RqqZzNDkIO58K29T4LCQ5w2V6TBcLEIEhRZeC9RbHqW5WCQ0GMatZZsHGMitbKjlT2tusCv58Nm0Ijv9qLvn2eLnzhFkBeScMcp9TpjU3Ys98SEX1ssgDMGCMlsJjEWD9vIDhuQA0LcuPHCLOdVVVGGhJWWKNQeEo2e6E3SY7JVN3fyP3X5XI9kt8vI9RJuMFSLTOEHN3PTI0gaGUXGM1EQTJWACGkfZt8G1DXQGFWRMmz4yhXEAzOPsrI3qMmRdetRkbhg8AMzi57BqLsflTDHvFZglmvIeMvCPpJnDlTVPfcWA8ALfvclUni9JdWrJsmfLmYLrL5YS4078kQqkMvoxDEoIxWY4Fx4HjW7GnCOQDEKUt2mg8gCqbnToulKelZBx7fEPniiefmgSDE0dGlmZ3JpLV85HcoYdaXtNWvdCd7BAXrUz2yOPhkW7ma4bmouQkv7acGyCBRbm4ivSpotx1h3lSp1Bm5z9gOZzZsSu8g9zTR8NisxlvtqXVQAZ4iRI1IODTUgqn0rfHi4TvuDudcOwT4ycYMVAd5qOhw2RmWHwg68wBAisKco9TcUoec8ONkYSJ7lsK4lkknnGASQaxq11Gr9fy2tUNjqiVUjcH5QG17SJVyWGRKSGeCshHZquAI5O8A6VwcOQ8rPtcnnVywtKTBVO7be8g5mdSp9oux3Zj516zVrBc0ZlM3JW23fTK12iaC3ypW8nXyFZldtJ6dsK44R07LypDaqDOTFf6JKQUflndQhZ8deoGrxtQbfhsn4GarZwj30bcoTbxIiWeE4Wid0wYOhJtmxldJ9IaPbETj3ODaiLR0nVfnq182G7VG0TX4DyQBeRW2y0lnFBZ0jl4HlbA3qwTXc4IYTNT2mVI7oSpSGkrg3uOWQl2fi7gR1mS4ImCAIh3GPqOlHBEmMyrrz8mJknvZy4FkeuTdVU7EqEKNQobDMy6N294DsmjFaf70SItPQUQTCLTjqG8M8ybyqiZQsS4TNy66BphubYAJfxFg2Sk2YbOsnN213yf6XGlZdheWbBB0lFal7lREEJAj6duU83buqFqKGuerEOl5ex5ITGJg4IUhx9DgpcVchRfBCAjSBul5LNmQzpa9xF6BWpNdPGtW3IpuWOrwdTcRbj5BS76QD0eP1esoLhQtdSxdjF6NiWYZoMOmTmuQAe418HJhFLhhJXbNVf1dwlk2tUx6iH9vPn99S6SpEh5eHtMz5saqtSVDCYW4M8gm7jXyBDKdiokOMGKfDWzvikhuhOLYKBzWeVeK36FWM1M0NvdrSzRNiXWq9DyBB2hZvhoUPIPsHnQ9zCYg3m8xKfygaOizGeguKkTdDL6zwCu8UFXOuoF2VywCwEJXaiDMjRODUM1ryNBR0a17VBeCjrLF40KtUVufubWZI7mRjJZAqUTZbKSDL3xdyL4P48OD50U4X8Crwru7RSYFhVsW9gfMLF1XQOwGfJFXHqbfwohFxtXaPC2VUVvs8uIXjlU1nezF10R7NaBnLpHJigbJJ83ihcO95DvFsNMUVY5fQt0g3q9Re7nAXtRIhhEyaDA9QLHovwncjYkCoXu2Q1d19712hYZQqeGlTb0SrAahExwPMHx1jghVNcZwETAecdv4lBMeHmbitVKjbQ4y8G7kCnb4gCYb5uSkOoYdDoCDiyjiUO7Elm1ekxkfu4hm35dyxWSvCHUuFPBdE5n469AEspfpPmwhp8hiPhHv8YR0NUXynliAaGPa78CQkcMphvwYgYhqhze6YGeBjMOLiKAzM0fuhO4vdxDUWbrclv5c7HilLzmqMANhE387x0QF2gsngXcUHh3a2V5l073ZoEENtNxLjz4V4Vh4GQV1a8XkOAoVCxfnxMouLOQkumsScjpGrxThPokOpGUBRC786V2rsYk3ekqfAhOUtUWHOtSXWeIhvkcUqGYE1rkOZXxYnB5H0W6I1y9XHsOlFcdeeO12XYzfLU5nxkS6TV4AQhIiRONQZtNEkURSMnSmTBlqx2Fn3YaQqFyqWvWlhXZR2hZ32VOrAdnAAlA7zMImgzbx65vpLCySHcftFf7Nlqx1bAtgt3COITWCw2FPmHdxAifR7IaDAM1f69Wi85ZxYmTiHfQ9txOCBJjwsI2EolbCrZJCxV94stzHkdMD0cRTINxkpCaJC1zRxwzrrrLTeQrjBY18PwGGHuBMKRbvTRo5h5HO4xs3S1415Ri9yeY8Q3qmFAcQOFikPDZUCFgYSFXNIXBEVYNjVqPyjmiNPbubXSdaUUU4lav5ELMyS0bLPi9z1JgH8DnlIIfsZhJPOmtspRaWiwRPXN10mZ5vGIwGhOZjZMHXqGrh9gjoAGZkxUb9PxuMD9ntzcQ7JOAL0ms93OdjCOAv2C8nc2rNylWd5qZ2VhM4DPp7nIEK4jQKTjmGFgHb37JbYTqN9GXQ10Nx7KzxTpyg7veZpNrxLJ354okyRYkUJPzuyzUKRSB07TNrSYXGK60RkluLfHcLhDwXai3HisbNSs5x2pdz1rBUgJRIG0syyAXOHr9Ocvn5wuR5NITf4GrYnmJkSVoYuOkyGEDMrB6IW3SsyLfKx9VcWoKkXo3fyQ6j5dAf7ooZBveFDnQr2DVgTLQTNRf2MrszyBnPHde30pv1HkXAu7lDIH8RJF805oKBTHfphEIWpYIzquZgqlYaZMdHAx85Y0DxFRYcfRtf9OKnl6BsrCTB55gEHxz1q4Wjsl6Z0s8LqEj3VzOF8id3Z9gL2aL6uCk7zcQgDcbha4CfE4Ya96YwVb2jgJe0ZJ2CbNAueDxak6VY2ylcTMvi3pqpuDNTeKpkWlCTbcdYNrfyXVmSbRR7OXyPktIEHOSgGrrRnpIrKiiUzMK3fbcTa4L8xFXNHv2qTXEXfRh1A8AN4LcsYXUjjxQMxA1Ypf10LZVWjmvTyJ5OolcsBiWpzkjcLic6MgtbNW2eMNmx2VSatIzzPfSZEQnwRnKxasfPAyY67EKUTlBRQXbXf0axvRIks4YIBaqi8bTcrFwyjqJQmHVZkXCMKw033kkHm68fCauSfCVTxXcPzevDrTBuxLwGHWYfnNwhtLHVWWlGFMeYBpDEjS2cCyOJWEoDp2QCFnP8JaslH9G8XHZPfjREJqxCjG0gdedRz4CQ5M1SS3uLq2e0C9SgDYhVeF8srr74JFDkwZyFFOWRaq1MVqtax710qjojjNCgqzSA999njJhlclMjYfkfJEvxebfxl2s7Njn53jVEghwB2rehm7fiPC36I9MoUuXMm1R9yuXAxQQxwUzmJ9uaC5EakGxlKans2BYnXB9IOZHp7N5pbaoqw3mpoeDW349WEXw7Uln7tsk3GGio3RyUfkwTOMiLi0MXM5OXMniODBxtnEvGzDoiGIRUW6bfnKnr0ZQS5DXAxl4ttsFao1axnp4ADyZBD1KBTqKioPoUymtLEoBb6aAKFBN2qnvKeF5l17rR1Q3edbzEKR8yrx8X9TkuUAl88f6G0Jbkt8W1wkXB3NEoTRdoKMczq9s49WHXphqxeg15b8FhLJhGwGM4KENl8i3hfipMx5onResDhNReslETdSpqqza0eFUm0Xq4jHAxwbivTIx841HifDYh02oSpAOzsvP4KXHaeuJmsXY4s3v5XA7A7Mbs7NRzG7tXnM1gW314R6zr5hRnCrtBDM8COkfYwh0D6LkmMWRVMcZptxgknilEFWASB9JQt585vQAMB4ggQFMrGwxYaDxYW8yx2tugx3MnZpI8LcMVbmVmVFcp05PO6yCIu82cL8vJZiiRLyXFc982zeTf0tWo6osWoWYARvWxuCnNJlRnSiHeXpQxMvmPnEi6MKFGC1FzX0gpMIeOiG4H9LDTn2nps3kDbMqAD9dKrLb0KrI5cST4EryE55M8wXjoqFPpE66R9IPoG65WqEy9Fs1twqnWZIdHDDP6ya1TIaegD0Z4GEgN9Gr59S8Qb67GdpC93wGa5QRpdwpLyj0h1vpwFlNaHZK7rxKOxPkBlF9aievVpugcgfYKGEaOshHvB8FbIYIzWuvDd8her6ORNEENjokYKZT8LcKCRBPc8sJGaBKuGEI0XyDHnye6Qx7A8JzCsHJuRAnn0m8p5pUgcqSaZxJv2VV5iAmvNzJwnU5SEKiIxpA9Tn3MtLMxIaL1OMqClfPSTCvcBDQ7O9zbEdMtmsBsu1Y2bZwOLMq0r7c8jYH', 'sub_id': 'npjZHFvWeF'}
[2025-02-13 22:10:15,794] - [INFO] - client.cat_favorites_client (line: 45) -  Received response with status code: 200 and body: {"message":"SUCCESS","id":232515827}
[2025-02-13 22:10:16,146] - [INFO] - fixture.authorization_fixture (line: 16) -  Logging of test execution has ended
[2025-02-13 22:15:03,312] - [INFO] - client.cat_favorites_client (line: 29) -  Logger initialized
[2025-02-13 22:15:04,345] - [INFO] - client.cat_favorites_client (line: 29) -  Logger initialized
[2025-02-13 22:15:04,358] - [INFO] - fixture.authorization_fixture (line: 29) -  Logger initialized
[2025-02-13 22:15:04,358] - [INFO] - fixture.authorization_fixture (line: 12) -  Loggin of test execution has started
[2025-02-13 22:15:04,359] - [INFO] - fixture.authorization_fixture (line: 72) -  test_create_favorite_with_empty_image_id has started:
[2025-02-13 22:15:04,360] - [INFO] - client.cat_favorites_client (line: 38) -  Making POST request to: https://api.thecatapi.com//v1/favourites with body: {'image_id': 'CmrHjd0OR2lHd5RsTFrMpTOpcpenG9tZTe7emoBZvpQa9ERpXn34HpY8c5l9Uq7SzWDiZkt9QlDZizeY0SOgVjTiXD3eNuD9NTF5tjG3sIyVAyOdwB2BGhZfvr4tbrYwmuPua8fJ2x7jBMRoc5sBUeGbyVC6BoH9KEjZ1N6dODTOccFbPBAD7Qt2hLDygjHcrF40Z0WmS2y4wUDsYPdq5zWjyL3Pz2bqi4o4I56c4i3hE4eShlX0PZJ2U523CIqR21cbBKuTaQxSoxuerkL7eyod0oQkQr7aGE8tJWxEJIHIja7h1lb2KBLyWz9ylm8dnYB3fIGzm8PHuB15wUvQhHDCoOS3WPTCufspsh3qBoUYszgySqMwYN1PDCARRFHzM2uUKjVnzUULAPVmOSmNs0GklZSvDFcaAxYEx6s5dR8jVRuiRozFxjSCuGAmPdjqKrq9j7P43YWCQgWHnxS2MvsKyo8WXXbCb9aPJ9pbtlrFEIDDDpMjf908RrYPgtGYFXo7JjLy5HVbD7oVykwbxmzyFbFGSWRLfjT1VoTHPrUuBIwBxGqzcvbERfgrKelHW7nkgf3TdEL2UflGbdrIeBm09MSvsxWHvhoflRrMXJFUGAnl05hEHRBFgKkqZHI27CXYHOyqI4lx3afMHVlcYAufXdkoCwBTksBAUadDO6V77Iab3FdRKFRJ2HZQXqW8aLnHwXyxChvqwxGumUSQIfTLrWEkVMwvTzSO1bIb3WIZMcayAbFxaFAlxsKMKJ7GVC7WGvNcZxGGeaE4GKxpKVRT5ktQgPRVc7QopADMrhYZIbSMddebxGBBhRqJ5FHPNiCDQNJpimtSRS3YdMIiQ7d55Vb4QM0jf2exqsXr4ac9z62TCO4tP7cfeeAgolYF8exPHMT4pyRphnH5vOKJ5beqIeQT4Ckg3cwTi4kDhrpTXm5YVrVn2CIfAo89zEbPGeWSH6ENyh7SZFBXDkUB6SqfghfN5LwpTfInolzXNcdYWgL3shytjva6mP0OF0AEUAJDqokVRHLr76Tb96cMuDf58Ar7TcdnXwZfkEJDhfGTnN7AIweInP6vVmsXItt9eGbNoq9lkU378T0MxW1KjYnXQbTnq1nNTvChwzm60oC0ktmoLQIMO00V2Bd0xQ0cvnGzLvq1mIsSf6je0wxahfHVYGtsuug9VVGENhyaDQltjcObW59f3sZgDIcP3cqEV5HKLArhHPjduvXC77JdN0GhFQaEkFIUnyjmupRCKlSizqkKnXdodnjH092ZPBkzwdxFKLvlJK8yEZDlb20VwbC5eOXUbgy8YVHIzyfuZrnMGGBwxifz4zv49xjbRDgqUwMmxwerJQSshcGe5jJdCEhViu7k30IjUyKdsvogiVAy0Pvg1c6kJy1RHvyTOX3TPSRTWYL6yBDW1lb9nU5m30gjSDagAC9WaEjjf3V6TQAdJJiINs7PIEsT92pN5juob0ru7CtBVXkHv2r2S2DWfTlkD4AeTxI5PNHxlY0PA1mEr8Jxn7IVsNLyoOtZ8KahdT46l4a7KCR0lXOGiLPLaXdhMZQxd4c4CZzO94JKt2UGi9ncmg9T24211fveVtHsaTmdJrctLvo9VvzuttqwG4ScBsshBRWUJgNcmiUX27P4S5IM39u9GCqYZBMFQoU90CsgVJMj873lzRVvJgEcC18oDr5iSq4yLYLAvdddeOe0gWEFs4BFzEiDmthrKnNMRkqPdFteF2CMa1cgu8ARpzv7rP9hHLDhBXoqFBJHhN47wDySVj7f0WaChtFM9jzIabUS6BtrpUJTYCBn8ZD58MBhktHXnqR2fYzVpEnMbdlSWolwKsxxX56cGJ3dzyYaaAVS4rAWb1d7bnWm0A4R4wIt40VkPHKNxmaza1aEinuvVRQ95rtuChOB3FXuzIo5lOz7yYWZxDYcYQTIRIaZkjEUuJmmSPmtiHqJRtwk3KT0tsjYBPdRUn6dDqKt5DdyFAPbmd1H5pSFIdEcKPrf4CruCZJTmORmtKNXd7WSMyp90VnbiHkBepueEiviS8xt56kR3NLmwST1IPu7vdwQWKlTJWKlXxweDrTsRGmJLqk0zst4vo3yhGN0UvXoDVnUVXHQO6WC53pRv0BfFHoyn9eL3jwRigrrh1xoTs57wVGdu6rHMBQl8m60WyrdNlLJo6FBYiDicSvxwGosh7fPcHQcJRQMb9j9RPTMMe1tqCyaAu1yI5pUki7EnSzW9ge4NVNwOEjfp1FkJLdHI6SVjilX9PStNLNeLHtVF3YAWdIPULDT09MNgke3zHAoxXFzOikTy0uqoyyXzEEHhDLkoIUYUfnTsoR4Y0sfP9skZsrFFhDAVOYj0NcoAxKofWx6YW2Pu5ES2uRfBMGDwmfSynosSNIYBQrsbXuxbOpNAT1qaLmHX60k1VPvAgUvktHw7cH00egweYM4uluGTVVeare8om5w4PvvNJa4rzOPmHykG3sBvTx692oC5q6EIj742h5w9iLiHeIPgJu5dvIKchm1iYPRjWLf7TUUylL8D0GMCKC7zPMEmqTMjsqbIdEO4JAPMd0KIK97wZy2kpVUW2FOOuxoiH6OZVcGCdfI2CQ7YNfmrk922gjcFTImLesZ2XKwrpuyEoTGetwBvKR7KVPM8cFcd50oiF7ME4g5lrsXaKzKa79UMZQivZjO86wvw5eVGjmwXnuwr7RzB59bA8qh7eJgeDZj9C43jNR8bnlfQoMSWXAvbOt5mk9qk8HujjxqUdEfxHBwGMiEif7otxmaC55Ed0zVP5ydeACT1NLYyggbrVVas43a8tRn05Di1Cx3Wf81EL5UYTqxtynwAR4SixbRZH8ODBdBe9vs0PUbunRgy3o3zSvdTOc5t9vxJPYXSTSILeIwjWncmCPrARdTYvkI8p4TV0P2Fxe5T39zxkNp87iWGzIVMgzJce6nVWbwkj6cUz8BGoSEvlxxcJ8JQodOrwK9M2SiVRtSNWzKCazTqf6PCq5wT8KpSTfBP4DbeoVkU2Yhr0uVfAqsyCCG4JXrdSX1tpVapmmeQgD4CeoduRydl8oWvEW27UrlUVr57dFnauUiPPvyk2qFpL3QAiRJvc1QAsrZJPNHAb1irGRqL33eZbk1uKIDJZUerMwUEzMaptofGTup99BtQKOq2rtMqaPQMpGWEgZVk7lIkEx78oWtJ4n7gJop5BD1cgjN2MEwmIDcc6f0a6LfY1AomwDl30uS5eqawvHOxCIafFN7mSxy4TGtB2dtgfFyJBQ1ePe38uwDeAUzrHkP6mLDSZsSZ8R5S0tfbH52Y96szi6jbO57z5qJtcMDpmmQupueaNRbK2Pm3Jw7kVV8jqoCQR5cvWi1Nt6mLdcvGPYA01BitWmMjL1RrA96aSJeuQWilwvHo66ymPNQFqE7lv2QqmadlLtMrNkqusAfg7R5rV8Pm3nA7UJrAjcNTqAdrQBJFouc0a2Na6QD6IKoSiPZ8QXpD6HLJ6nTHgTpWvTLUPSbYXT3sde9QbV3a0zcH5G4nG5vDfXrHCpTe9WQmLOrldyFFufiihPsAHSDU4BmtsAXw9lEnNT2ujc4AOCEAQT3iOE9i9Kg6A9eGRvt0TFtBQi5gPWF2MKIMFU5IApbermIJbiT6yg2AOwE8PUSHY2DOeMpfnMuXxvKSpvqO49pl0H7bi6FSOaCN55E2P1x9DyUq0UpwTf5NyqhYVaktRdgSsWN0pq0SJU3zKOIQ8ArBR6xErvaU78AeqLo36XSQuZoUPcnsEfSf5iGfMppw8qU6eleabl4b41GiFBwMZ0pYiPl64efd9Va4iOtNUoQJqmMSN1BW1J87c9INA3fYZcz6z6RI6HRlnY9lV7Goz5pFQPcE0xtz2cbhjnWfBOxbxl63GUi7UAm0cu6OL1EZ5nClku8Ojf84gkngvfNK4tBqDVLQNWXhWkRaGgkJL1vkvlJw4H9nEkZQp4pbCf7AtN0JKmRsT0vcihdtNd2KB8O58XDAJ0y6O82iVwjxil8kK4crWTl0xJ4RwfJuzfcs3bCjJm2zJHDQHmmOvzKESVrIf3qhRytEos92zFN8ObCiLxnmj89CQacMHeRr6ZBA2e8DGFjySB6q4Dw4RbXwcdAooREOMD1kcXlwIUjOzd7Y3Pmh0Mx9wzlLzDwVuyizQpr1SHLEUS6DFX21QDiknfkiaMkjsPHHnINye0JulgT4szTlFqEKzzjalRjpGhlATOoMlXJJSLkLNI9gmC6knoCfELSkEMyI7oJwr5xdqRGWT2yUpwYmfZ3mUVmoiaRHXAeT0k9PcAwtRWk9Dqp4UVmUraWxRfiAunkG6alOQggED4278orJiWbbzLzEY2NJtSNb9xtzBFDvusBCMH9aGpf3ZResLa34WWEVBYoXJLXAByAGy1sEW2GHBhEoCOhmLLbNru3qUn8T9K986pOQONNcesSRxC7eHNUEJ1ff9mUcIJ0lWNyZXiBp4yN5cBGQXRAjN2vx6axqEeVHoyyoaaT9LBiE2LA69wUmRNPDgE8p3zxhllDwMzUHEopmU5RtQXyoKR92vnhterNxQ4nla7cKvuQthJx9wL2Ot3OaeehB8SADwa8CICHcFuJigYQ4hoAAwVjzZYe4zkCST6O7NDWjE1Duynj8WfszYLdR3SCiA7S2BRoX7N38hQhCLPKOQrlxiunwSXd7sy6pvmxgR6xTNspMfNCy3ef7r9tqmD65DHcWkB8daU1G7ns9Zvs8BiCvCHMF34b39fBxn6GPwrE1Q6lJYZ8BbbWRK92SzrJkJsPydm7eJ61VSUAKbU9VlvwGh4B3EnIDvCSBrKo3NtTzX2d5m7oxp2aS0m0Lh665ca2kV1ufO16nNNZTRf2CnKAovZfudTwnoubFOO8hGDUysjG1ntGM4DNsgkQb77KgoZDYJMCTHCKgaCHGdzxnJJIE7xGTMBYtFXvWbVMflLfEwg3BTcb22yKfGfEIEr5qBSaH6a5aUfqaWToEPBMJdhomo9d', 'sub_id': '1AsxiY88MY'}
[2025-02-13 22:15:05,012] - [INFO] - client.cat_favorites_client (line: 45) -  Received response with status code: 200 and body: {"message":"SUCCESS","id":232515828}
[2025-02-13 22:15:05,202] - [INFO] - fixture.authorization_fixture (line: 16) -  Logging of test execution has ended
[2025-02-13 22:15:30,952] - [INFO] - client.cat_favorites_client (line: 29) -  Logger initialized
[2025-02-13 22:15:32,746] - [INFO] - client.cat_favorites_client (line: 29) -  Logger initialized
[2025-02-13 22:15:32,756] - [INFO] - fixture.authorization_fixture (line: 29) -  Logger initialized
[2025-02-13 22:15:32,756] - [INFO] - fixture.authorization_fixture (line: 12) -  Loggin of test execution has started
[2025-02-13 22:15:32,757] - [INFO] - fixture.authorization_fixture (line: 72) -  test_create_favorite_with_empty_image_id has started:
[2025-02-13 22:15:32,759] - [INFO] - client.cat_favorites_client (line: 38) -  Making POST request to: https://api.thecatapi.com//v1/favourites with body: {'image_id': 'dhBySZdyoLWMLuADbeKxWTVPR4X4Xlbf7GNZgR3Dl05Tl18K5tr5PRqwnx4TyiUFCdrzaHFYtt3NoRYZpEcxLM3HhacvlNZnu40LOmnqx3FKe0KXuunWGehg2Jn1ltyRZGO2bkDumERtC2O0cDWGQrjrc1oTBeEj2reBOJmntIFCtjRcLDiXMoJW3bqIUHhhiPelX6XpdmYGCh32EAVcQWMvbxtcOpgdWBSuUjQbCP8Yx5jWtcPOJxxszN3SYVR2EhwnXyhYXkQ2ef7IWVTNf57MAnmHGZnKHLtw9EflSll2qEabnSUgt2of26Irn7SEIZc87ocIBhPFvk6jQSDfB0oyibzyvizEKTwIV7NFiUUl5RK0vMZxj3QU76rgG5cpFNeM3huHcbECl7R1cbc7otT0Kvibb95ffaoD2EP6klOS2kbJBwJgbYYV8l2lKpqjnCrInAbmje2iExirM9dddAFIAtSQvQnf8LW4zIYsXyHDWAz0eLXkUGfeknK4IL1Y69cG7xfHp8xqvcR84wbnBmHKkvqY7cPwoxt4S9VcnXCblNAcEBF6znEBj7lih5Jx71uekx6vIMjgAb1nOtz6X62ICQhSsYbUWMGSJYHPPEhM3upSpBra59y6nKJ5sPbBcVVVQxuk32x9cuU6AUjBMU60AqhqHq0fVW0sIfaNVoeVhtCS9fPubK5Tw7Kqr4Lb7nHGOrVs2oICLDaiPEcaJ0anAEWWH0hM50XD4nTIQ45Ul4eQ4EiKsW0z2Cszd4pyKqnxKpmQo7jI8zgWbNjuk65rX0fh4uWe5OhLWUXmdRBdBXP2QPmnqbdhFlXUhrpIBNvRY3zZLun0LsjZRb8BGsnu6xVUeWWrLAUTXwqbxIKfmXXh9m0VJuK96YB3fJ1SdzVJ7OgUgpvk2wvBQbYTLyNVzR40V5gSqwewH9FDJeuUDXB0XrmwQfeXsJy7AXQKtpDs1cB5OEkiNQnJISbTh7JFvyeUw2B7TiGODatv0IbhkC87i4pFYAsB86rvKO3MWzD8ZI0AHTU8bVpouTGKjoqcRVFyvpQvC2wSwV5NNujRBX23wkBVsA492CmXR9uzFzwUVNjllTP713cIlsi7TpbadhRrpiBSBt7LwODt1YLPCns1g3rMdqyyoqqA8ZAZ56JKA2A5cnQ2yiAAS7jbuo51cMYwOrNH3awsYe8VvO6Q9ZBJAUy4OMD43iGzU7TMAFbGj5gfHrmjAxxY7bqWIpCw6QpJZk82vx7Z5ZlNEjKJd0Sh6qV3sM5a3YESseKYcHBmBkqqrGuM7wUeKOTHaKzkxR2clpBrY5bLDQq7RDJ1LHUMvFxTeBsNhkQue16JHxrFvrFeY7gnWxy4Oo81ALGPtmHbKH0ulKOrD4hpAc4t6iOrqqM46VDQJhhojY01jaGYEDjAx9lgC2rzHr7gLCnVOhjnw59LeWJI53EX3E9dAo3lP93Vkm9GrF6zeAjGU26MfixfVSMSx7k91ZJBLVnkpevOgEmS6Pvn10UBe0qRGrETmrb58sP3eAdn1KRJcX3OQaYx90SJPcyHb0oCzqKtkDHDM07Xwo7K7J3jVbHu7eWXEaJTggqIZH13rdzlqb86byBJL5P03O4ghUpscSwZ0QonqKo9rrIsOvm7PIdGgh54ItiCKIJdSfkharOAy54wfcEtgWO4h4epLNe7Z2J9aPVlV7laYP3JhAsNCKQo5Qax7YwqzX0W0X9733zSlkk3WEWtZ7NGWHiSWVxSUrHKBItaCt89UMMpn6dlDLnWUIokMQDzG4G2xOdMt7kMl2U4Nvpgmmo5umSyu02gz1P2FDgNxkpRlLdg9afKPiz2FJdSiGLbWBDRc3TH5MRCT6sqWW4LSCIKt3N20Gf9UiLU7hs0gRU8uKmGvdyXfIuDc8NoBX8DGgaxWWMrxWFNGVS0lnVkGQkxvp1rS2G6HkxK6aeVaqw9QLvtC7XokXIZnyLxZCTlS7CrihSiLG6u8YjwClh2MPDf7Svx97KsooiQA0Y1ekGg3Zijp6kzlI6azf8TDw7cwWWBqVmvexjpPXxaf6RIFrQFtL8vj8sYwidjIztqTWRMldeZpjR1asi5C3zXg3bSUgGgZRFTotyzVZR2Lk6T6qAN2IQpfq90U9eyIhcem7Ojz288t5eB29oUJ2QQ7BvdY7OBTHYEJIAT9klvqFPMXVxnCPxGtbl6A4cLDWAoJ4UFZJw7tF0rrC1OlI2u9ucOTAipOiOccpZEikbV2zipJIav3l6L6KXVnEi0i8gzNHgH7ZetKQX4aSUZqthIXvQTqytKGS4DHF6xsioBTUZbygT81ePrQ8JNPuJVdUuWs5EzpYVXYaWG3Zi2zeG1XtiGSCHw1ll1o0fTFDKdNYtNYq7RIxJBdPdZlIpEQEy4vXyE125x9wwqWmU5E5tPZNs0D4xhh4iYtdcW5NGpvoC6G6CbsmhiS9gvInMfFjw59VUE95GyvJxZycBKTaSDYXySEC5batFsEFaZjE9KGA5GYuV6jfXcwWSttYf8Vfzb9Ws1o1gqPB6d43DiiCxVe6CiNxEc5hMnM7DgEb2847BGPOMCjgnBVcV0rVAtRalUawxVQ4dxrZOd8KWX4gDkqNtm8maRQPQghNiNkOvVNgkYSdx3ebIyv80lQ3ClqYRjdWJ1w5wHZ6t2CXbZhZPEkIyCVyevs5Dq7UpeF1zIFXmy0GjUyxX2Eapc2U5VJA8ZlArCtM6GXMVyCLM2isb4ka7Ydljl99rwoVKRFkucj7w59FStPKF9Bryx1sT2pnJGO2BOQOlJV66u5zTWVSNZEdD5iNx0Nucv7LpQyKFWsRHhQ0vA1KlxzPoq9UlnCLJnySo5Zuai0rW3frLKZ61rT3toOleYfZ7km4OanhlmNtPY8N6bPsuhAV1UIYqtDvmwXS9yejVCu1qFVRYjU5SI3pFY4aOjeow6bkgDFV5OmqAjpTfzfDPYoJzmye6nY9g5cRGz3gRugTmjmbrjk6R3mcouXKvChlIohD9BQI8CJXeXaAQUFT32jctYaCjTSV7BW9gDKrH9DnIIqhDTXewDrKgBh8ub2GxoqsxDhmDPA3OpHO326VmsQTDJNhbHtmiZHUaVWZvWmrqpnWJoZvnaxX1J2n1E7zbBSs87AzATDWVLgUxlPeNI6rWNBCaPbN2xdANLGFWsAmWD54mIP7hzUXuAxbcVlj2BgWDnccE2PYM6t77LF6dIN9fiKpJxlTVR93TACehivZjg26INAxVmRr1gTUPgASJ0pH7M3QkBZBbVG9Yt6t03AKC6zSJnLficmdQqon9xAusFzW9p4GDDM1hIwKhoaWmoBDQ2sXs9EVE3CyttAfka1bJ03XlEevFwH38Sy4Ntvwz3K81ttT8ouQwqa7G6jXRS4SYVlXbl5pJxPejxsPzs4biJTiTXQXLVms9Z0wYChDNGMfn5hKLg8P909i0RQi9kYgjLZ1rlEa4lvObMGBOVIKV234GNrprDGCBoiLeKTurMdZwQ2EwAb6TTstGbxFnNxbWfjF0OjoEH97OvGmQ6F6sSZKQMFuk7gFA4MGk4briyMine4JSPDOCzPOK6lXrwoW6jtyAj2M4Jn88q9u4clxiBQbDOC5pkrgiMtEDQaBlq3UmC1QqZrSnoX7ZFgN4k0MfQapNC4JxeyEvh82hSupVyURgdrX2oMzz1M7eFW2Qm5XOd0JayK8fRZuxssCQIlLgUcuCyudTsgUWRPq3oGhHDaJvQUIKas6GvCmf3IbactZNHiapcHOWTAJDpEfdSSeUiD5274mWXOcXK3Fqq8rWR4rYcONHRBq242MSz28qMcgUU5oEH6fKOp7aYf34wFx3qcWt62A5nhLshchB3BIEhsj3xT2edjbl2sP3OptjL0cWPh5bQBA7WhDoCmf8d8Zb8HuBcPSpvyp7ykyGXUJCgCEobItuJUSn2Clvz1FSCcEBIx7XrnOmoEFgMjidTQKtLPLRWuJs5f4oOmVcnqTKjrvt2lLWJfecbDGSoa7YbyoQmDRo96siDdOgPctbRcWPpLT6q3Iw9PS0q5FoHUSZPfdrE4t3raDKYDUHt9CoNtWMiUtOMgdmGmzPuoJu6ZMsVHLTpTAvEpCY5CWOhARKb4ct3cXzPPhlRQ4QZSmx4MLI9kCRKTNW5XsHHOm9OOVaDyeZS3wBINtS4Py89GlBM63vmqBY1BNoE0YQbHr095Xw838QTnhRFOZPd9LHOJU5wTR1xdACjir51mj3CPLVB4hol0IJksITbMGsOsF3FmipFc5OV6zzhJhbPdT968uz18OoVsqJ3HBvQDWrN66uV3yC6qoloTfz3qFkroOU6Z7czfSVSI8GaCmznouL3w1k60I3ey1VcUFXh9hCzRCIR6DmVb4ILMYliMuxf70W3ExgyC5e4eH31f8gaidmpNmbAO9AREWa19JIdoj9Ddgz8jkV0snBgSTJC7tflmesuiIwsTBBnGpWVweZxTHhEGgnvXbJYWwocIItIjJ5kK9nsMsDbBAlLAXUSHHCUr7jHCKV5FjAZk008bsoH9hAec7sU4GR84ziuJrvd06ejTbVezRIM3n5wpZ9S77o6LqpS2WNdHoVpxNfAbB91vemwlB9TeUT3yXYqsaxO8aIbAf8UeGnKyFetTqJoBai8QPBbmy9lU35K5Ch0knfwrVJ6woyWXgmeON97eiNqFyHiQVgE53P48X3QlyJ16kjGF52DY7tTm6z4k2FOXgpVGhhuZXmHuejo4OYHZIM9JbKtLbWvZvihEEGvo0rB5SiUW52KLkXGb2hYfHwixuD5tISDeryRkVU1Yns10SU7OdQqDLQgtR4a7azRmx6lUGN4Pwjj82ivroXbh2qv8PMqQ3A5PzjqtZWLxcXiPVOlN7T0yNzJTT03H0Q644W04VHIh0JuzMik0gAWa1JOuZzf9mTQMbR4xPCLRL7WjUnaPrxiWxtIaVzOs98j1RqjJ69mCUaWmmlF8VvIjKeOmOkGoBTHJCFCnLJqQdka', 'sub_id': 'Jxj4lQzrx8'}
[2025-02-13 22:15:33,250] - [INFO] - client.cat_favorites_client (line: 45) -  Received response with status code: 200 and body: {"message":"SUCCESS","id":232515829}
[2025-02-13 22:15:33,460] - [INFO] - fixture.authorization_fixture (line: 16) -  Logging of test execution has ended
[2025-02-13 22:16:53,005] - [INFO] - client.cat_favorites_client (line: 29) -  Logger initialized
[2025-02-13 22:16:54,511] - [INFO] - client.cat_favorites_client (line: 29) -  Logger initialized
[2025-02-13 22:16:54,522] - [INFO] - fixture.authorization_fixture (line: 29) -  Logger initialized
[2025-02-13 22:16:54,522] - [INFO] - fixture.authorization_fixture (line: 12) -  Loggin of test execution has started
[2025-02-13 22:16:54,524] - [INFO] - fixture.authorization_fixture (line: 72) -  test_create_favorite_with_empty_image_id has started:
[2025-02-13 22:16:54,525] - [INFO] - client.cat_favorites_client (line: 38) -  Making POST request to: https://api.thecatapi.com//v1/favourites with body: {'image_id': 'g0TnQpVo3KtgvBFztksOA9Fxseen0aOp11RyEbfUkQLok12z1rCtCWTbjo2Kf51K1LJI6XDn7vhlAtvDcHiCgbCeZFZhrFSYoFZ8IVQp0GnmrdOXRqcNAGNQN0UnUTavIfoJBfH2F2B0fTg1BuJJ66WL1TBDDCcep8wB79QdVXLNFvaRhNIoTFumMW1miObibxTDHpS0iOQpTchtqFDLBKfBJFoBnNsPg6pNCgPDolIEFLSetSv18S7qMgENUEsQaueci4UPJea0jOuV6GDdwDmq6qPHiNqjxN8LyS3cxXtnC7M2mWlJgHJp5AcURvN70pZ2oihDwrn5ZXHEPc7bjiHFi4VryjrhpNQuH3gyUDiiXkwxzYUTWG62FWXKxD57HGMnLjNRVlghQzAL6GAyU5cCoLlk3pugmDp9quTJSUFEs76rTFtzU1e9sRAQoPg6Hezm3Zn15ELjebqD5NQTBYJXJEI4y7arLMYy95fnCK46kFSnwFgAmcX78Qk7Y3Jf0pPVVzLEtw8fUDj4te6NMJ8OtpyCys6N83Ygt34l3cOtqQTK5zEhsp2cKf22DJiLIy7lG3SC8Z4zU845RjHre36XQ1j5lVFayRYvFzXtnlfLDfjvQNpepLycqdE3dHQETk3gSFN6gjhIjJUAySknVXibOXIJOKIRsBif5iJe6s80xXLp8vQoOczZtFeyVA1jI3AvWbDKt0vbvxn51Iii3LF6RYrJ5E8hvMNuIdJUbBzqJNxjJ05hGU9xv6DEZrL7dtFpcEIRBDtf7zfYKcbkm42Sj0bE2dAVfTsAIeh7V6oFoa6ULMNJkEiUoB7EuvWoADdfLy5vWKqfDHovJD66cBIFrpTJ8zSxjJOCaPJ4oiWDUCEeTDseofGV9o8dsykE82gllqeepCEMH9vh0WvYbDXLNSIUiy9B3z1rxoYTq2AJ1sk06HEccn2q66KlqtEvTdSM39zqWZdUytynNqhws0lTZ70w1eNOAEwYY71MIPpVFbBMBnmb3LzWYYH5hUmKZ1wXfyoJS8KhpP4Bgr5FodxJvFdr1orYh3rUwCAUCooS505rgWYuzOz68anRIYoMdXtl3gC4QdyuzbC5XvpnXLOpDaanamB4jHiytsqMkLRZmNvigwKRNZfyltKX09rM85qvGA5zLQg1uB51N87rv8K1Y9uivRdG3h6MguihV7NuuVxdzOX5jm5XXwBIa11FwiB1nNp93oTgrNIqdMyiMmr27FjvO79CaRhMM0LmTIYPjXmIfhEknfYH9ozUnUKEh52WbGpcTx0YPxcRpnhKL5WM5brFVweRLJ8BdlFNztDYYBgewxAp8UZowweFi6l89ruxNmatkp1bx2sVzrxGBVGiZBB9UapgSLWIBoQRLlEUM1NLduKydQm4MSkqPQul3jP7HAsG5REqk1FbEZmWS28hDbDPLF7JITuKOMFJn2bUf2pIUWdhf7XwjhasN2Htmd0hdNdWUav7YA3x0hdPht5lqCJGF4YC3KlrNpka3Lzqm01SFIkJ0RMoIxc234s4YVIHyK9qrsQB7tPDt7ImsigCGzhAII2VUIfA7wgP4cI9RoHeYrqzVKdenrZVAETXVhhIMJMpasTlS3s1mBy0Nq5SCe25RC9kLR7HKkr6yhTVuPgunWdgTCTiFdVWuVCFjs1ba12puLkTMbGCSng0B0jFgwPxw3jN6P0643dSwiN5PKiRLuK5bmtUNEKcjnOWP6COUpiB8rMSooUicGwRPIIVF0fyUUDraYhTHlI8cAMsWxQzxAWP7AC0Vu958EuGaHDMvr8JgnMlpGCZoqi73BTN4AhSySqh3tktqiUvFTuEoFNrI0IxIqeHaBTCRT77WB0pNZU6YlrSYFnHJTOficR0qiDzNFg9rSk6Y1dqD8yojatqVdlWory0HtFqB5ikUsVkRZOfgouhj9EW4wEq9Ps0y8TEBSXnqyCq6E8ou4e0SAAzoP8uYEnfywyogJVTv17f44qj9f5aTRidqYSKicNifNZ3KfXkPqVOKBEUOxgnn7jR45rxTLLVk8Knf7df94Ga8ltfRIy4AnuNjvj4h61SZET5npWzwqUdFL1QZGD04Pha3jS5fXZoKkpuOFWZ9Rbxpdq24QZceXh5nV3kKWldWSRDXhquk5Sx9MxmgZtNfDTvPfPcomZ6HPokk9fhM4l0ZN49YQtPYtEp3t92Fx7rXvfSa9EM8YvdBk0Lnu4SXuo9THfrpCdHU3hNoXiuOvK2RefIHX2jPo7lsVwtvStlS3IH2X8HqzdzMwxp0BpjRM1U3ekEmEuAN4nKfjXXEwsaWViWdGCcTwd0X6Nn7NEnPTPfcrkx2tXoH4dhT2FeCvn5iKPPsHqwRYRKBWlzEqDHga91lZcvPWNDNlOSytBxkhs4Em0MhhwVjSAkX9EmtnZt9GsT6sk4frhaoJp1QCrLeW0NqIFp6zgsiGARvRPRb4jQ5wVc78hx59UARi1rwjvDMtB8rZNBpS8hy7D63wqpvUYM3OEdZA6faJw85nQeADa1kwvmEWaJAsc8XCAQ5X1cVLET4fYMXhZfirzRdviFfooRzx0LVfedY0tmR6KC6bFr7r9kmqsykvGnN6PRjdGgHVVwB5KdjDAtANq1ZsAR8ecC12W9BXtIq6D0Q7pOIoeaZ4AaEGnbElRFLoBPKXZqstZoz22WMztD6GpSsVIzWTecsRkDEbKVbFARrdA1cMDauoqfsQNrHjAXZv7G8QUmn9FPKTxB6WhuMcuxPYEpsLmfljWMhlzKNIDsM7yz7KFfpNLXoinGKjb3bglT4N3Od6zlIQuHFRwBeXISFP7ONZLDxZKYo3zj1qU7QWS9G6PNb6VUN1KHEwYrhIZgsX4dYESZYBQ7NcF4Oml4SyknKOl3canZx39CMxeJSdc8HU6W7gMRW3rCivn0b05z4h4sh4PSh1f7gQlJ1Hk2JT7nUnbpaxrhshWmuJxVYyxB5TOyaqBbksMqb4ZOJ3boMR5NKt32KG4KR0YiwEeeY0xdI8q1Mtmi9fg91S6CiEqMtFo9PMfm0c6lW3O2gCPmymGLKtGAhX2kG0gsM6rxz73NjUn0Zp2hD2dpBGpaXoIaBe9WWtS4LSy4GcQcqlymkcIPEixZVxH0idokayug0czuJOTMswkWpHW5ign3CjcctL6yMQjz8eVeE2v33f7gQ7ethl7qveh7hmV4lvyhrBnvuulnKZr7OQtKyxgyrgbe7Xm8UFHCA3Qq46BIqlPWDb2RUmSN9udAy9feyeOVyqGQ9yKhrjGDrpNOPPSGB95PHz8htM8lawGQxWtiIMl2r8uXOli45a9pVhg8fTKvD8s4HUDjO7KHZBIRkoEvJhn4j2Q066hfHVCeM2ajezI05ks0z1G6u7XVGqCgzAZ1PzuDAzRN47GlU2LRMvO8FaFQcyiY5o6FjrzGM2ucs0cm9e5mEeQaS3MWznTOACVbld0qW0UpuwCcYfnIj74rsKT46lF24SFMzvS21UNso5fTcOlA8VZZ7FfBltbIglc42dsb2dxgsAijvlPP5c5R8BusK3HjyWRDjzBdKKnRK7fCegjBhs3ZWQdijfW3vRVIp02Fd6e1RY2YIpAidxMtPcNs3HkQFTHF0faZMTW3LCxTlzTWtwtwk0nu3MVxwMP8116VyeWhuVwf9sLlO4xrcfZSf4nEkGsD3oz4l1RL9VaUo2WzHXy6aDt3D71vwp4UguxfL8Cc3FdWcD9otPgYSKTP17W1O1FUzbng2josjCxiAyutdkgC7CyqaWaoZASJjr8sFoisfTi9oJAHjq3I6YIbCyoi52klEElJa8Glztl7QZQIOuUccfT5sjFcUGhKzOnluDbQbo2lqy9dPp0557bkzb1i0hnNDBIv9qP4QbFIOrfQYwEQ67Yesp40Z8j9MCoO2p7gaMyF2Gu8pdhzaf9KWfiyTnBxKO1qIKMIJWWIgNH2knQTDKrWZdjS54eQ8Z6kzcHhpNJUxlvX14uIcg0Qc8rlVIvzlgaotXuCGJWbbyr2cSe7zZFpkThj7890JEfyLFPF6flcNiCklI6bugoLgGm8Nu77F3P0V3wjnmhAJP5WqID5VkQdpZb6LlBIOAV65Il2PuVBKLGuXJlc54vSiyOLdSkMFBNaQNf5w8V63ZpVT6SwBl88wtEJS0DM7TnpoqIHZg7XPyy8jZdq3oh8HfUPkIw6KxnoHabfoWsaEe4uVEJW7GWqZQCAlPKwQ2REl5m2EtkAmgg9HEfGVKNUbnORVXQP9uK8PbSDSzFYpRnZfhtSXsSnfPaO2f2gEx2DpkvyE0MlUZ7VkO7UPQkn2JmaN2HqbNFDfYItug14jlvCsWSJNA144EzunMNQFFsadc86RZY76pmhEKuRMkNnqxbActz0g5bktgkUo2EULBmn70xD0pREJWEJbyTdxqtABlCNrZpl5svSusUI8e7v41r0djGhq2cehEophQXguAlT0Uex5dw6GSAXHMLsX5LEj7qg69w6zzRtWIivjaLCiseMDb2pXRKVQbBzecYXjA1CDFVzfwYg3VW17hGRGRjxX5B3ooWId2JwjiNwcFHmQxBiRwjp9wTS1AOa8xD4Dg5wiGPBPihWB3IZyvylRNbUqg4tHtcVETEHQnBUbWY4z13QnX3vAc0C61YVb4wEwQ5igyAEF42TQOnIPpenhfqdNw5v0WPjuDw2CLABoGbKaLCEEVwssPpQNIqoOFPqzUb1VTH0vVeih27lHlZA0dXT9ZfstWhYF3Ac1qhV23OotdXV04jCBArQ97tThDEiF5fgQu52rXypRx9eWmRyBpHJYzM9VmmAk6moBsEJTOUfzax9Cp0IZfLrb4JJcmhvEZ0oJMPQNcr4B7LESdSXA6RTpjHUj31XIvdi5VpuTSDNUEMXUaejUtzXaVYPdm36UJVulxIwIbrpUttuiAh3wnZ390Q3l3dKOYOsvHKenAIDMh3ap25yq7JPS9I3YmAlW2Q1PjuX5ZBvuCLZoo7MBM0l75JY', 'sub_id': 'C5WZJjkHRK'}
[2025-02-13 22:16:55,067] - [INFO] - client.cat_favorites_client (line: 45) -  Received response with status code: 200 and body: {"message":"SUCCESS","id":232515830}
[2025-02-13 22:16:55,257] - [INFO] - fixture.authorization_fixture (line: 16) -  Logging of test execution has ended
[2025-02-13 22:17:28,087] - [INFO] - client.cat_favorites_client (line: 29) -  Logger initialized
[2025-02-13 22:17:29,729] - [INFO] - client.cat_favorites_client (line: 29) -  Logger initialized
[2025-02-13 22:17:29,740] - [INFO] - fixture.authorization_fixture (line: 29) -  Logger initialized
[2025-02-13 22:17:29,740] - [INFO] - fixture.authorization_fixture (line: 12) -  Loggin of test execution has started
[2025-02-13 22:17:29,742] - [INFO] - fixture.authorization_fixture (line: 72) -  test_create_favorite_with_empty_image_id has started:
[2025-02-13 22:17:29,744] - [INFO] - client.cat_favorites_client (line: 38) -  Making POST request to: https://api.thecatapi.com//v1/favourites with body: {'image_id': 'EWLJ9JmLNmBxHgPsd8SCMbxYdKeQjxRthRmKmQufG4H0JoYDLaiXckaqcyHOeYpjlWcYguoCmwOPReNmNML0IbYE8bBMTDRrSbl6knVy59Y5PVyt3KYMbPMoMJbc6q5X627w9yWeRyPi7mxDCVDqzGN4g1cLCZCwjzlj2lyDccWo6i0E1u8ECk3hpQBJ1sgMlrzfG4StRFQRmNunP1Cys0ilLp2sdnp55HAgPSfaG3DM9WNjWCn9xPB68iXtx9SL5QArhTR2LlFIFR3yDS1sQHaAuASLeE1H4MBUYf08IKjqcitYkZx8qBTUlUL8YLqMySFObvKkuUpClocO9EwYG1PJIEnrp0Ny8QnwgmNbZTNtACrWIFfz9apQYITDqbAVdrjB3dJpQ2nsXezzKogZGSCmffQJjIjvJ6VamWa1pLVkFYH8tVw7j5nRfYV9bkh0fwKNRhHM4UByWB3zUZq9wgmmUFF1Zb4DEP0VvLzFkf7sPlsKgB6GQbPtXfxSp1L5bxwWbuykh1MPkYzXm4x8By4ZYitADwf7nvDsFt1d0A9obdifxvgp9i49oM8JmEO1TrQFhacs30u8JkEAGfKbTHZMDGudonTdG9ngvNo1Io8tJvYk7fSDMvn6TlORWJaGLNSxp4DcpZYHMYWW3Oxf0YEMw8mydecFmh5Uu4iA94r9K3Ord0xUIfT1TbdubIcT8U6hvf2YlePEuDU8JA3RG1zO407cB3DZ7VPOZpTV1LWP7Z7gV4cHOhbTCHPSJKLrNUUmgv1V5uXYUvPlGfajQ9VSJ6v6RxjpB0mDVMLeNgn0zcMOWvYrCwBCLsTS7SfW9mzuOuqhhCaTGkfuPX6huQT7QWUkWfJoaZBeLVAJQLALwdLYfxIKvLZDs7EtJIZrInRYGBSTGNtOdx8AmFDPjtW4G4tVgxVrDZvhlERNmj9sGuuo6NQitXMYjJdpnF4Yb79ugea8aiiFSebJ8IfW4DOCDrdstXIrc8v90oVkAeASm8O8w0RzNfom77PdgRokeL218V0YH7bW9HHg3Aea5An3jMUKvCTyC4XcpAcS1nAlGm1lpJqdh9SMTnsIaAr1aYeyUghI9KCkMQayGD4iQLa7s6sOszpYzxO98Vx0zicRJzYBKnP7MF2Qk5zbhg1CjpVtGQVs04DicFUxmzlTkPGqU0NEBMGFCYmZKXYCSNyMe4h73c3dD5nGvJQD7zCD88MrT2YT0pv7m4H4L8JM6rd0YNmQV8H8pOYAoEcONMmbdlhnb40vyKkHgqNlI7E4F0I4DYATddHdXhrI5xD9nikrj3is01XQ39hnUfyFMVfMh7VHwM8sINzUjF8gzhmqJggcU4sHNEs5zUVJl2mxbe7FxOhuxVDKHubQVkkIC2I1W95cdosK05OnncozbD8UtCzK248JkbOUM5voftqFH4tKAgT2pSTlstEHwkiWO9MKMgDVhUnOPqZJdcAP2eK0gleE88EwHCOhDrhMjiVL2e6xNBMqdZ9PpDrUSknh4KLfJf5k0ThJHaxaDiD2DdJ5VQCY9q3v3reFH7A3cwjSWXQcRbB9HtBABkhnAZ7FNN53lqpMjrE0xHnsGYheWWH6LOq5Q1qYLSJyafL0ZABdESD7TlwiYlqdkdKqv5uxLiL9KAFX3ovxEqkxoMuVhaSgocF9iqD5hc0JUw8zZO1FaSCKMgX9HxGu6O5cIEyjXCxuApLEHGicQYzxRvxkZjsc7d52KULePo2SQdeadoYK97whH23xa9P0AaaQvQXM6kxOexD3BMThJJNjikwLH0D11LPStoqTnpx547He6xlHfp8kgd6865HgXH1STiwwMn5C0DfagTjLpsyf6o8shUmDcbH0JGXT1hLEgm8Ep1sUN2CdbNJ2lyE2wFIpaGNFU9PYmbhvqzrXDR1ONMR8gRMMzHk3BH5fuOk6XjsosVdfy9rA18jfPq8xyphGO7b2cRcCigkk3n0C8M5sZcCU7OFDi4pCaj1y5OzoQDDLDzjVaohel4sBhh9DJzatg99OxXcRI0AfvKVP0VrZDmW2rwV2tMlQjXEzZf1bulvVAZBOmP5V9JgW0ocGhXnF5anb8Vx8qw8YLzTKEuzR9QxWjnjQKsqYKwVa2wXuj2IXPfuFoLPaxvGGyUPEz53LRFsGZG9b1vl1jvAnivUU9xdpf4fZARF3A8WfL83H1eZS0vVhFe1boD6fVBGNgiLu1259LdmZ9H1Y2R3c2WKId0bYpXDwGF7PaAgfsqekOjzL9xjKT6HZU4ljJGHPXV8wpJnsgClGcpLxPxR2qVbCaIqh0eGvsZvW9hZK9mzIzZhlPOIL7EUhcj2qSBxD0FsmRhF1nX1gvOGJOTZ1JqBbtBF3Gy2iRRQbZxtx1B7j0tBCXnzHvp9DO3cVh3d70t6vIUJo8KpOx08QH7nbiI0Ky4dz6Hn55a18gm0eOasnSpg3xAo14CHquupVe8KkLy3QF0ml5irvYVbb91HQ7InEq37gh6qeySUWpOnqXOoK1LefwCymW1fLzajLyXDUyvopUGB9WPdrmghcJDwump6YntZmaaCBihhwmoLxd9KCq1LmalQ78m3e5m2xwrUNhnTK3QIG5bWlXIhztHBY1xCQCfNOnxD4Ls078DTFa4t9zJJBKjmpq5uf2vCApGSkVoiAhftkakvKB7gFXUQJhPm5P1wLm3OZW36XAXAcXQEYYuck2HOUuQToMl1KCqrm5E5bjinVEujdx7ouC8czmwBkrsujiFJWNOpS0BTOt14RYIGvjS1j1ejIUQEWySg7GaIKoJFkTli8clNbxYu5hJCm45Gwz1u9xwSgSgjSgeH0tT8SpeKNEEW77y1uZf2K7RuVT9yGHDb7jN0G8cJis0YcPYqJBH0H6oVm1boMNmOIGxlo2EbcGdwq9ijMYelytRNDvTbNkw8HwmPCa3uCl3okAArLyoJgMmkf7mzo7Hm3lk7l292RYIMtFtEqHBvJklSzPMpEpEYw0PVYnVvNTU2nbUA4Zf334GlbPqkOPN09UaEIwYVPF3rhKRDuLIEY44N4jN01gsdEiMhNWZ9D6lYO8RqN0TdKyxwjkTljgPoAytlvbc9JpH5A42Bvl0EirDrTNe77FtZ2rhWyGmRcVOuRu8pVZZCySzde4YjYC6hFTiJMvQ958Zj8w5nbqpGmv7Ncyzu6GHYsWUP9NrksCDcq2161O8eGyC7p7YJNvTBl4eZPbTUn8Mybgcnv9AlVCftr921z7bTr19zv7a1gIkh8zbCmaFjPTlSmFp6PqM2pPkjxI7ZFt1N601qQYL3JMoJnTzIut8wnj8Fo4jRpq6ueiFraizNvJtSbqMXq1KifrrNcnz0ED81aLfbz4g3G0gA0KHNJKj5JxnGAcPkeJgJ4cJW5gIePbA5UZ1xL0TUytrXan9iIO9NrHB4u3IuMZ94h1MQEWZAg2rJqCxV02Nraoa3OOwRZsnOndYHmutcWb4SkKztz8ZDgBJ0NUGACTAHWnySWGefK1nztwHzzrXcTGCsZh8jvByvJXjy0SP4q5xXa4sxOEVi779lLQb5H00mimvrvEr0DWtW4wJFSWgsfr96XmEqsJ8lylM39PQzUWosv4y0Xdizc2fC9Zj1CF1LezPzXKArllMBGLZOlWOAh6n5iJJgHfzLq7nGJNwhDrHP7thX5e2eXdbxztxjtKsstTzuz8J1cmjF9BX3vEIW3FzOpgAzvmwNGoGm72lHchnIxBgQ0owxghckRCD0r74TwA5fCEy82cIdLha47vQsB0WXHbr2NP458uVhbFuizFK6PsGmNiIM4klEru6yqRbvMX7YdNqntPlJ5xa9LdGdWM5AFLR2fgU0TKzVkyl5gtaGEm6tLfmUvcPFJge9BnzPO9aOKDtfUKyUNXleYiWf5EtKJLqCIhC9KGo3u88Q4wXRx5ChgUqYXKQeIsBZ61PWXF66OKvINS6IJxdbx0rTwgj5OZD2XgchR4cVdAIfg1nHbTYwfExenzVNlTO4NDULcHkimuLnkmAoj89wxb24Se77WSustSXIwlibfrTXiQtFVenIw9w12iNlII1LCVLNZ5USWhcQiKtTLIWoSCjTL3zHjOvpiKNd0b9SAS69aIdzsnhGRFrrdoRliJsSeMDdcwi0mVCWRVWrpFowWPT6u73zmrjZLXS6gRXg4drOtLEDdU9Px7gHfPk10MNrJAxIXA1shAfg21OksIWJwOWkPXsrwpbwoOWjYWDBzMLLFHz3CC2ekkUrtLAnmsgs6iET2fX7HyS1f7KvbKIWYTVOKwtwj2J6qrbgr00MwJdAtjMAqEMYITJ0NnoLhkETwUraeqbSLIWeQluQizcU73cH535B1sWZWe8RxPKDbsoDxYoPPMT7YDJNVl4eWpZIgbYjl4MjyEX3j2FWBZMD5bJBcHMmrjQXMcVSVWeDz7ZJl8nenRCxwqnqHkXyEWH75UbfY2FhV9ON1d1Sv3GH93oFUYKbLFc8PmFiKEigHqVIUcuuX0LGwREAyMzQZSWAvWfOkUG8RMu6WXqdWk3LWJjVwN9blwBnPiJjWyA79LQqwd8LwjqMMtfvp1dbfaRLCIhmEUABmVhZ0dJnnRLcqsCeSF5ADTxLRn8qYTqak6F0lWxO7ZXK2vBfSpq128JQx66v4KHHPMmYRDMq54w4me2cKlqAp4MNkfePZr176v886wxsKpoBueEz35d8Hi6vwAbwu7imeRosjlStrwm5CZpCMT5lbIZqL5G5XgyPWQtUJ3CWuPxvBtmPHI9YqXdYrBjNvDgupwA7kQMqvherTVQaoseGwqqq2gfVAndmfohcMmwwn3XsufpBhOeF8W2jMl7SZrWefBy8SM01IhFukDmhvhJEql45897Vs8oBzNZqPHHCtY1efwoksHuQBKaqGuKOJCfWVLWUbEDC2C5sFGJJZsdDOQn3EzEsyJMF2X1wEkPS9tpXAtcNTP4GcTLG2Q0RZXpmwktIyzqktKkmnDl4v77s6T93giD8lBder', 'sub_id': 'bvR5KjjRN6'}
[2025-02-13 22:17:30,292] - [INFO] - client.cat_favorites_client (line: 45) -  Received response with status code: 200 and body: {"message":"SUCCESS","id":232515831}
[2025-02-13 22:17:30,479] - [INFO] - fixture.authorization_fixture (line: 16) -  Logging of test execution has ended
[2025-02-13 22:19:07,534] - [INFO] - client.cat_favorites_client (line: 29) -  Logger initialized
[2025-02-13 22:19:08,232] - [INFO] - client.cat_favorites_client (line: 29) -  Logger initialized
[2025-02-13 22:19:08,243] - [INFO] - fixture.authorization_fixture (line: 29) -  Logger initialized
[2025-02-13 22:19:08,243] - [INFO] - fixture.authorization_fixture (line: 12) -  Loggin of test execution has started
[2025-02-13 22:19:08,244] - [INFO] - fixture.authorization_fixture (line: 72) -  test_create_favorite_with_empty_image_id has started:
[2025-02-13 22:19:08,245] - [INFO] - client.cat_favorites_client (line: 38) -  Making POST request to: https://api.thecatapi.com//v1/favourites with body: {'image_id': 'IgbZECPZG76Ky3vY7p65A1tSIx9hxGMTF5RfCIGpwr3EHKC3G5u0UP9RuB8JYh920Jk6i5w967MiMMVlUXogFYgHI1Ws4eBK5CGLNiXkR2x2YTCmKwIQnOFMA3sJ3IQGZqGidzV82svrXYqqTnlEjD787udxt4ze8gXHdWvlKqPQBvsBm8vk8rv9TFNIsYzfNiZbB7uWSnJsgUgT4OqKgPTSDJNu2Sk2ZpSiHPzxvvA87tk1FqXGqRio9Bazn7gPEsj6GcGpoX58iVVoQOWwpWrvLMaBIUpY2vOnlqBbuGpVftmf6lbTWQEOMXJqDpQ1LW8m8viaISuQhFYvKVeteiAyAGu2egTbb8HGbS757VIDRNkGBecNnjHKuhpciuyjzJ69SwPCREtRfGzncwOlBG3EVSYD14pv1ucQ8btjDsUVgz8UEqWIbP09nQz3f6LnSewEpZ8GBPddEzpLMa1R3GYEAgQVHJlJttBr81OFrs3LDkUsjHuu6CKGCmURHYl6d6I69SafeELrhdpewRoV3PkyYzFdDyINvlD288ylyKi9apav5nfz93fe8oqraELM3VtnUJ5sG3Ly5eMDDyOrbq8XVfEIPx9EFH1D6fA1W3Z3yohoS7gOIJ1gyFxPgz8otb0qd7lRCVay3Gdgg33vp1VePJeedLMmeuM6zVmzWatnhVa1Q801e6KeS0WENbddOokbgeojtkRYZrf6cg7IHJ8vJHk3Wx3x7Ca5VYt1mf4daUpOFzxeJICBM7h8YOnpxeCchgtPSYA1k8HUWoK4p6rNsNCZOVfHBcvXsdltnekAQWOWkNGMUk2IhhkbAVRCqXwCb5sIBWNQlnTpJdogZ35jO8y7Mp70xT24947Hk8I08AlNGPvKU6JlHny8C9Lycao0XMyBnQwiFSIyaVFiRLuAlb9MjrOtz6AeI0iwEx0zZZB1WcnztXPvRFV53piNbH5iMccFfKxmt1zV31pSDEcQBB1DbiBHgP8rgjj9PpwzIBUzCC5wrgtRX8wXryiIAOKuvwZqfjdY2ugZxO3crgnTpSrpGxKOe4Q5QGICeIlkKBP5Q4DEf1OjRdDH92dbA95UYQ8ToFep9Q5KrznjttlxUvWZkGhJSQgpX8eVIhHZihwXRtTXpi1xLgvMkGCD35KaRQTRV9QhSK27PUzkqr4SehZ8gD3fofYiiAltq841UKs86ixwbsaA5pmpYuT5qFlBJ1f8xibxy1MNLnyWEw6p2OF21Jy8N9Hj2AFKbg8UpLfGo5eK5IUyLooVuf4BvupuEJUfuDyqUKintYLSKwirKvzpMoybCBLFFKN7Iwy94Wid3vGVEJ6RCzvpmCkVT0a0ZBSz05yZHs5xfcZ5HqlzON0MOjXcMoZlZ5fussQtCvFelW7PFl9NtGWAAHJbqNbfSkfNm5YH8QYciVKyvN9mJxr931Gr761ZRBfF6SSk0j7XmqgOpxp07p50RPSvRA7IpNvMwwdmMF9az4H4wiwflwC7Qn4z1ziKmNaw1t8PnK1OLU2OKl5jhZVpY5Z97iyLwdsdDaVA4VVIWFQtTJCeqoVt9mF1ImSvz3JfolnhXcqWHq8tCjvH5I1XKW6tNgJMY0rWlomZRr2mgVVFJUn59GA5ELdhQOBOYiZKZ8B1zFaQDn7EZwpYFgALaESWuP6hoBJeuhuPxYq2TopBRIA9uSbaUUfRNhnmiPIANYc1TaIcf2bi5iqhZZ820YyN2jli1fXCymqnNLo2m0OjI63TE9ZdFrk0AhgJMKegUN6kYT57clk7ELp6ym9Y0bdM9NoaSbaDA0Bf4JpPClML6D6ySz4noAaSMFfh7ywrk59OeMh6N8lN7dal1nFWQgrfg5mCvbjz70mXopD0p5IpkllM2laXk4y40m5ZekRqlaumAlLnTRLtsgIwrfBggfhQ1LG4W64cb4PLqYNDvffMAtmyu5GONTqquCu2UsYhNClRc2wKP9u1ibNtL9v1oWfnSAnlaHShv4shyKTfugOLhWvZw0EMlFPieJEq3QA9y988zWA7eUkwG61Qe1w67rvnKWtWdhMYooXEqVkFwadM4tWqoPQUpLtJT04A5cu3rczIRMhDk2bGcM5Oah4nzOVPMPqRB3HGtVSxrBmI5NZZ1TCUPUnu3OPtZ6eO5RiPp857ANeH22hRt0Wb9pbWY9KmvCyEXnYA2iYPqBBTkuWECNkiWTaCDcy9gaj7JeCiNT5RjW7w9l5dexQiS8q6OJN7gyRlMLzPjtBcen0Wf9jEiLmyVxEucMWvVqcM9qLHrhPhhHisFJ9KMB3eexsiPSekROT4AYycArHyUDtbjRDswLJI4MlKbi5kngMPBZlPACKjZzJ36XSg067QG7C2YSPS0F416dsqxIygt0xLvh9VU2a2BrI9GkrFIgoPpNJ9f7okRm5twd0GJsLHJYVkqb7F8CRe4tmZJwU3F0kbXGBl50zowatJUmv7RaRHJZhyTGXhhe34nLWjpJCFaWXM3rFjxzRhRWJRmdgVfFl3xEUGgL9Ic0vAoFDn1DzJWZqylvPcnL4bmJunkPjFd3zq2sdzDhvI5QbSfrdi7O6D1vudv3qRtta75s4yGb4t0VHqi2FFhVVnL0Xxv1Fz8AW7Z468WmEodG2ckaMvS4MlpL20XeGbyBa2WmdF8DoShGFbQGWOaclm9Rwm87rtI74PGoXIj8QJpt6oiK2QC3vZw6kvqrKK5cbeZlNQs844ZhoCTG2pKKwaAGk3Bu5u0GbaRKBHExxzlSCAqfTXy5RbV7DXY2EWsyz5W6KMMlBzmWwoAwWNAGEFobFnIIcZcdbq2owwDiRS7y1xXBlShK4TCZMgK1JFncghPkmyQeBn7xgauW40Nr7QAf74KElnxEI1Tl8yAfqfiTdFUxFOxX96pyZnXhxe5lVEhqJgjqDhA9yTqjK0n5IFzZxPdZMuKrTnKE1apIcqYJxSfWOa6F09S8pABPIRbPb7VbC0RhTNSrB0vXWNtyH6exCLaaprrxgotl5OLAnnLqBtLLYHLZH0NP1yTBotMHVAUSTN0heL2er0j9g1UNsmLE9RPcQCWnYDprJMZIp1qH3MmYsTuspVgsXRhNQLKTiXYMQHPWJjrSl8SEJnkIDkHfP3mDai8mr4GybUEIWvwSurf32wS9pUFW7e9QFR8fLmaWQC9zrLdMI32bBTd6QHSCEYlQLgBB7m9l0QF18knYySuhC7HbmfnYUWxd64O0bWNJ5QjQXjDnVDggr6EtVEE3NcG363wQQSbMV9nmEy948Y0E82LaLw0HbdNpe2TaaxKZBxGa4VoEAf0vsExZQ1n4QmSuFcsIQqmUf7qw66WGtJyr5IbdcB31pqHVU6E0qomY6hmJvmtjIcrhDFKHirF35RQq36dRmplltoI2BQP7tVE5fcUCBJPSsDoMruY0GjkBoY1YtDUltLoae0AhubyclwEvelJ2jo68XFzVhQPQdfikOmWop3syVajCcklYcve34cB2A8HwoVzZMZARWnf4g79nNbx65KxnijrNl7Foz1aYDD7kRvbGEM8f8wS9jQDL1N5HKnVOljs44YyotAVd2U7FSsDwMm83acNTDvuchimG2h24ARssSCMbS8mtLGSBfCN4ipzJZXBH5BGQTVFd0sgBPNKu0brDIquf3HN5okPzIkGe1RLK3qzk9YD9OuUUCuEpeBO6g0lnB27qXmJtwRBHC7mD3KzCJGXnVWyugrszyOM9iScRQTkWJTAKgO1UQTU4oFZ67HOSVGPXGDR5JAEd8jWyEF8fFmxgKAFSWWnwxkP2gg1kVBmEb353J29e8gmlBwAFb7F8pgLLedsIlkhSHZpCCyxfXOr7Yu8beGEZvqDLP236Luyb9Xjgn03320EugyYpSUSYkWDIwtphGW59qaNyUwDHzzqWTj2HGS62caXR0B2Em3Bz221zFK8Vicl8DiuAV8TABJlMpppyahZPcpNKi901NkrA1A6XM3k7uhRHICSA5YcLiq3gN9KGFVdqkERRgaytOFfkybrXL1AHusVJgU1vsngOU70MBwiFjYWi5TYoVU06lV1RubbE6QXiCIdREpJSGhUQsyDyv2rdkYo76PP5UlNiIU22ipnzPYdXQeyjuUXyyQ2EutgeqnOktFPPiCfQvwURSEpdJr24MggMqTz8LXU9LDAosomwakGqnXRV7ZXgwNZNg6d2vInXXmSlgJX4CxzJ0Ftho2l2hDiiba1brKajEz1AHMUvahOJzpboKHT0JvRXCoCpPruCzyIcHD2ifWItOO2KNS1x1L5ZoHFp3wOSSxPvFlq1GXWQjnQRLPQ4rJWoheahgDay0SkXfgv2uNCrqG0PzSBEUkcMWi0dyTa3BOcb4dSErPO2eTfFJ3owWHZ0v0R0iCmT6Y1LCjXWT0RQfPnXKHSgQ72CYptqmC66y1WSDozWhD4lGd5NumFVHT4HNX07SRyONqJGpaB8nMOsbqDUQWc2AnFggTxeNuYc8S6Jli7chQ2cvwxKHBHJOaO0YFq3W6rj6TzJZiA4v8sQ16kUoNjCH7I0Uk0dk0PB0FBcWTqiMR54RYHp9tcWhiCu1w6f5R9LId1qyZnakeI5AOXjmq4hhn5DoINR9hiYx9vG5mHgvNumREtosIRNQiZ3avnbN1ZiwIKuAVL5YJnu9XuoSGSHGfXOsSsoQokQ7ho438hMaiXsknBp0WcMksH3tsm5rYbES7VxiL5gOU22RlWLMjOeygW85sQfCKY1skY4N5DMi3FCpu1upXDlIjNgg586hkymsIjTPGSHQUqchnsA6ShWN5B4vWnw3lMr9d0DBnZBC1T3P9RwljSihyiMtJfIAMAgNpDsepaoaNh2bLoWD5wo1cge6cO5T5WYqIU7ws1Neu5pSFU2FvkcSD2PIulK9D296N2mFfvoR9rvF0NCvKHSwIKj979PYavlIfiCX5mA8qEiHxLK0hQ18hyvVujL0pn2dRE8mb6nh6dFA1OSKtKKim6kurzdHQ4LLt2ksh', 'sub_id': 'hdPawyjN4p'}
[2025-02-13 22:19:08,792] - [INFO] - client.cat_favorites_client (line: 45) -  Received response with status code: 200 and body: {"message":"SUCCESS","id":232515832}
[2025-02-13 22:19:08,793] - [INFO] - client.cat_favorites_client (line: 28) -  Making GET request to: https://api.thecatapi.com//v1/favourites/232515832 with params: {'api_key': 'live_Qc2yvxGD20H7cPuXf2TMWoxZmGT25UVZyPKHwR5vIlxLvmjLvx01PwXo8rXYu78O'}
[2025-02-13 22:19:09,284] - [INFO] - client.cat_favorites_client (line: 34) -  Received response with status code: 200, params: {'api_key': 'live_Qc2yvxGD20H7cPuXf2TMWoxZmGT25UVZyPKHwR5vIlxLvmjLvx01PwXo8rXYu78O'} and body: {"id":232515832,"user_id":"1ui9xu","image_id":"IgbZECPZG76","sub_id":"hdPawyjN4p","created_at":"2025-02-13T20:19:10.000Z","image":{}}
[2025-02-13 22:19:09,470] - [INFO] - fixture.authorization_fixture (line: 16) -  Logging of test execution has ended
[2025-02-13 22:19:48,215] - [INFO] - client.cat_favorites_client (line: 29) -  Logger initialized
[2025-02-13 22:19:50,161] - [INFO] - client.cat_favorites_client (line: 29) -  Logger initialized
[2025-02-13 22:19:50,170] - [INFO] - fixture.authorization_fixture (line: 29) -  Logger initialized
[2025-02-13 22:19:50,170] - [INFO] - fixture.authorization_fixture (line: 12) -  Loggin of test execution has started
[2025-02-13 22:19:50,171] - [INFO] - fixture.authorization_fixture (line: 72) -  test_create_favorite_with_empty_image_id has started:
[2025-02-13 22:19:50,171] - [INFO] - client.cat_favorites_client (line: 38) -  Making POST request to: https://api.thecatapi.com//v1/favourites with body: {'image_id': 'zmAZTQ8Yn2iS', 'sub_id': 'PziKO0PGjo'}
[2025-02-13 22:19:50,678] - [INFO] - client.cat_favorites_client (line: 45) -  Received response with status code: 200 and body: {"message":"SUCCESS","id":232515833}
[2025-02-13 22:19:50,679] - [INFO] - client.cat_favorites_client (line: 28) -  Making GET request to: https://api.thecatapi.com//v1/favourites/232515833 with params: {'api_key': 'live_Qc2yvxGD20H7cPuXf2TMWoxZmGT25UVZyPKHwR5vIlxLvmjLvx01PwXo8rXYu78O'}
[2025-02-13 22:19:51,140] - [INFO] - client.cat_favorites_client (line: 34) -  Received response with status code: 200, params: {'api_key': 'live_Qc2yvxGD20H7cPuXf2TMWoxZmGT25UVZyPKHwR5vIlxLvmjLvx01PwXo8rXYu78O'} and body: {"id":232515833,"user_id":"1ui9xu","image_id":"zmAZTQ8Yn2i","sub_id":"PziKO0PGjo","created_at":"2025-02-13T20:19:52.000Z","image":{}}
[2025-02-13 22:19:51,142] - [INFO] - fixture.authorization_fixture (line: 16) -  Logging of test execution has ended
[2025-02-13 22:21:51,740] - [INFO] - client.cat_favorites_client (line: 29) -  Logger initialized
[2025-02-13 22:22:08,108] - [INFO] - client.cat_favorites_client (line: 29) -  Logger initialized
[2025-02-13 22:23:26,699] - [INFO] - client.cat_favorites_client (line: 29) -  Logger initialized
[2025-02-13 22:23:39,170] - [INFO] - client.cat_favorites_client (line: 29) -  Logger initialized
[2025-02-13 22:23:52,180] - [INFO] - client.cat_favorites_client (line: 29) -  Logger initialized
[2025-02-13 22:23:52,188] - [INFO] - fixture.authorization_fixture (line: 29) -  Logger initialized
[2025-02-13 22:23:52,188] - [INFO] - fixture.authorization_fixture (line: 12) -  Loggin of test execution has started
[2025-02-13 22:23:52,189] - [INFO] - fixture.authorization_fixture (line: 21) -  test_create_favorite_with_invalid_api_key favorites has started:
[2025-02-13 22:23:52,189] - [INFO] - client.cat_favorites_client (line: 38) -  Making POST request to: https://api.thecatapi.com//v1/favourites with body: {'image_id': 'cANIANN8u7', 'sub_id': 'trxFUvnjCg'}
[2025-02-13 22:23:52,597] - [INFO] - fixture.authorization_fixture (line: 21) -  test_create_favorite_with_invalid_api_key favorites has started:
[2025-02-13 22:23:52,598] - [INFO] - client.cat_favorites_client (line: 38) -  Making POST request to: https://api.thecatapi.com//v1/favourites with body: {'image_id': 'U17Hmp5MZC', 'sub_id': 'HmkmvwhSEg'}
[2025-02-13 22:23:52,755] - [INFO] - fixture.authorization_fixture (line: 28) -  test_delete_favorite_with_invalid_api_key favorites has started:
[2025-02-13 22:23:52,755] - [INFO] - client.cat_favorites_client (line: 50) -  Making DELETE request to: https://api.thecatapi.com//v1/favourites/invalid_id with params: {'api_key': ''}
[2025-02-13 22:23:52,883] - [INFO] - fixture.authorization_fixture (line: 28) -  test_delete_favorite_with_invalid_api_key favorites has started:
[2025-02-13 22:23:52,884] - [INFO] - client.cat_favorites_client (line: 50) -  Making DELETE request to: https://api.thecatapi.com//v1/favourites/invalid_id with params: {'api_key': 'invalid_api_key'}
[2025-02-13 22:23:53,015] - [INFO] - fixture.authorization_fixture (line: 34) -  test_delete_favorite_with_invalid_id favorites has started:
[2025-02-13 22:23:53,015] - [INFO] - client.cat_favorites_client (line: 50) -  Making DELETE request to: https://api.thecatapi.com//v1/favourites/invalid_id with params: {'api_key': 'live_Qc2yvxGD20H7cPuXf2TMWoxZmGT25UVZyPKHwR5vIlxLvmjLvx01PwXo8rXYu78O'}
[2025-02-13 22:23:53,157] - [INFO] - fixture.authorization_fixture (line: 41) -  test_create_favorite_with_empty_image_id has started:
[2025-02-13 22:23:53,157] - [INFO] - client.cat_favorites_client (line: 38) -  Making POST request to: https://api.thecatapi.com//v1/favourites with body: {'image_id': '', 'sub_id': 'Rn07sGACQb'}
[2025-02-13 22:23:53,291] - [INFO] - fixture.authorization_fixture (line: 48) -  create_favorite_without_image_id has started:
[2025-02-13 22:23:53,291] - [INFO] - client.cat_favorites_client (line: 38) -  Making POST request to: https://api.thecatapi.com//v1/favourites with body: {'image_id': None, 'sub_id': 'OfHXUTxWKD'}
[2025-02-13 22:23:53,420] - [INFO] - fixture.authorization_fixture (line: 55) -  test_create_favorite_with_empty_sub_id has started:
[2025-02-13 22:23:53,420] - [INFO] - client.cat_favorites_client (line: 38) -  Making POST request to: https://api.thecatapi.com//v1/favourites with body: {'image_id': '5I5o0ZO9UH', 'sub_id': ''}
[2025-02-13 22:23:53,558] - [INFO] - fixture.authorization_fixture (line: 62) -  test_create_favorite_without_sub_id has started:
[2025-02-13 22:23:53,558] - [INFO] - client.cat_favorites_client (line: 38) -  Making POST request to: https://api.thecatapi.com//v1/favourites with body: {'image_id': 'VwayGhMF2w', 'sub_id': None}
[2025-02-13 22:23:53,802] - [INFO] - fixture.authorization_fixture (line: 16) -  Logging of test execution has ended
[2025-02-13 22:24:13,748] - [INFO] - client.cat_favorites_client (line: 29) -  Logger initialized
[2025-02-13 22:24:13,756] - [INFO] - fixture.authorization_fixture (line: 29) -  Logger initialized
[2025-02-13 22:24:13,757] - [INFO] - fixture.authorization_fixture (line: 12) -  Loggin of test execution has started
[2025-02-13 22:24:13,757] - [INFO] - fixture.authorization_fixture (line: 21) -  test_create_favorite_with_invalid_api_key favorites has started:
[2025-02-13 22:24:13,758] - [INFO] - client.cat_favorites_client (line: 38) -  Making POST request to: https://api.thecatapi.com//v1/favourites with body: {'image_id': 'UGaRQpfvIU', 'sub_id': 'Zaq1pVoNXN'}
[2025-02-13 22:24:13,995] - [INFO] - client.cat_favorites_client (line: 45) -  Received response with status code: 401 and body: AUTHENTICATION_ERROR - you need to send your API Key as the 'x-api-key' header
[2025-02-13 22:24:14,001] - [INFO] - fixture.authorization_fixture (line: 21) -  test_create_favorite_with_invalid_api_key favorites has started:
[2025-02-13 22:24:14,002] - [INFO] - client.cat_favorites_client (line: 38) -  Making POST request to: https://api.thecatapi.com//v1/favourites with body: {'image_id': 'LTHO0Oxnk7', 'sub_id': 'PJEhAhMQJW'}
[2025-02-13 22:24:14,271] - [INFO] - client.cat_favorites_client (line: 45) -  Received response with status code: 401 and body: AUTHENTICATION_ERROR - you need to send your API Key as the 'x-api-key' header
[2025-02-13 22:24:14,278] - [INFO] - fixture.authorization_fixture (line: 28) -  test_delete_favorite_with_invalid_api_key favorites has started:
[2025-02-13 22:24:14,278] - [INFO] - client.cat_favorites_client (line: 50) -  Making DELETE request to: https://api.thecatapi.com//v1/favourites/invalid_id with params: {'api_key': ''}
[2025-02-13 22:24:14,519] - [INFO] - client.cat_favorites_client (line: 56) -  Received response with status code: 401 and body: AUTHENTICATION_ERROR - you need to send your API Key as the 'x-api-key' header
[2025-02-13 22:24:14,526] - [INFO] - fixture.authorization_fixture (line: 28) -  test_delete_favorite_with_invalid_api_key favorites has started:
[2025-02-13 22:24:14,526] - [INFO] - client.cat_favorites_client (line: 50) -  Making DELETE request to: https://api.thecatapi.com//v1/favourites/invalid_id with params: {'api_key': 'invalid_api_key'}
[2025-02-13 22:24:14,805] - [INFO] - client.cat_favorites_client (line: 56) -  Received response with status code: 401 and body: AUTHENTICATION_ERROR - you need to send your API Key as the 'x-api-key' header
[2025-02-13 22:24:14,807] - [INFO] - fixture.authorization_fixture (line: 34) -  test_delete_favorite_with_invalid_id favorites has started:
[2025-02-13 22:24:14,807] - [INFO] - client.cat_favorites_client (line: 50) -  Making DELETE request to: https://api.thecatapi.com//v1/favourites/invalid_id with params: {'api_key': 'live_Qc2yvxGD20H7cPuXf2TMWoxZmGT25UVZyPKHwR5vIlxLvmjLvx01PwXo8rXYu78O'}
[2025-02-13 22:24:15,245] - [INFO] - client.cat_favorites_client (line: 56) -  Received response with status code: 400 and body: INVALID_ACCOUNT
[2025-02-13 22:24:15,247] - [INFO] - fixture.authorization_fixture (line: 41) -  test_create_favorite_with_empty_image_id has started:
[2025-02-13 22:24:15,247] - [INFO] - client.cat_favorites_client (line: 38) -  Making POST request to: https://api.thecatapi.com//v1/favourites with body: {'image_id': '', 'sub_id': 'zFH2D9nCKJ'}
[2025-02-13 22:24:15,617] - [INFO] - client.cat_favorites_client (line: 45) -  Received response with status code: 400 and body: "image_id" is not allowed to be empty
[2025-02-13 22:24:15,625] - [INFO] - fixture.authorization_fixture (line: 48) -  create_favorite_without_image_id has started:
[2025-02-13 22:24:15,625] - [INFO] - client.cat_favorites_client (line: 38) -  Making POST request to: https://api.thecatapi.com//v1/favourites with body: {'image_id': None, 'sub_id': 'OIErruxyZy'}
[2025-02-13 22:24:16,004] - [INFO] - client.cat_favorites_client (line: 45) -  Received response with status code: 400 and body: "image_id" must be a string
[2025-02-13 22:24:16,007] - [INFO] - fixture.authorization_fixture (line: 55) -  test_create_favorite_with_empty_sub_id has started:
[2025-02-13 22:24:16,007] - [INFO] - client.cat_favorites_client (line: 38) -  Making POST request to: https://api.thecatapi.com//v1/favourites with body: {'image_id': 'IiqpmelowW', 'sub_id': ''}
[2025-02-13 22:24:16,403] - [INFO] - client.cat_favorites_client (line: 45) -  Received response with status code: 400 and body: "sub_id" is not allowed to be empty
[2025-02-13 22:24:16,406] - [INFO] - fixture.authorization_fixture (line: 62) -  test_create_favorite_without_sub_id has started:
[2025-02-13 22:24:16,406] - [INFO] - client.cat_favorites_client (line: 38) -  Making POST request to: https://api.thecatapi.com//v1/favourites with body: {'image_id': 'BD2p3cTvvQ', 'sub_id': None}
[2025-02-13 22:24:16,798] - [INFO] - client.cat_favorites_client (line: 45) -  Received response with status code: 400 and body: "sub_id" must be a string
[2025-02-13 22:24:17,005] - [INFO] - fixture.authorization_fixture (line: 16) -  Logging of test execution has ended
[2025-02-13 22:24:49,983] - [INFO] - client.cat_favorites_client (line: 29) -  Logger initialized
[2025-02-13 22:24:54,156] - [INFO] - client.cat_favorites_client (line: 29) -  Logger initialized
[2025-02-13 22:24:54,166] - [INFO] - fixture.authorization_fixture (line: 29) -  Logger initialized
[2025-02-13 22:24:54,166] - [INFO] - fixture.authorization_fixture (line: 12) -  Loggin of test execution has started
[2025-02-13 22:24:54,167] - [INFO] - fixture.authorization_fixture (line: 21) -  test_create_favorite_with_invalid_api_key favorites has started:
[2025-02-13 22:24:54,167] - [INFO] - client.cat_favorites_client (line: 38) -  Making POST request to: https://api.thecatapi.com//v1/favourites with body: {'image_id': 'AlECuD5ABU', 'sub_id': 'j5zsJMYzpu'}
[2025-02-13 22:25:15,554] - [INFO] - fixture.authorization_fixture (line: 21) -  test_create_favorite_with_invalid_api_key favorites has started:
[2025-02-13 22:25:15,554] - [INFO] - client.cat_favorites_client (line: 38) -  Making POST request to: https://api.thecatapi.com//v1/favourites with body: {'image_id': '56zHFF0QSh', 'sub_id': 'PrISX32SBv'}
[2025-02-13 22:25:15,692] - [INFO] - fixture.authorization_fixture (line: 28) -  test_delete_favorite_with_invalid_api_key favorites has started:
[2025-02-13 22:25:15,693] - [INFO] - client.cat_favorites_client (line: 50) -  Making DELETE request to: https://api.thecatapi.com//v1/favourites/invalid_id with params: {'api_key': ''}
[2025-02-13 22:25:15,851] - [INFO] - fixture.authorization_fixture (line: 28) -  test_delete_favorite_with_invalid_api_key favorites has started:
[2025-02-13 22:25:15,851] - [INFO] - client.cat_favorites_client (line: 50) -  Making DELETE request to: https://api.thecatapi.com//v1/favourites/invalid_id with params: {'api_key': 'invalid_api_key'}
[2025-02-13 22:25:16,019] - [INFO] - fixture.authorization_fixture (line: 34) -  test_delete_favorite_with_invalid_id favorites has started:
[2025-02-13 22:25:16,019] - [INFO] - client.cat_favorites_client (line: 50) -  Making DELETE request to: https://api.thecatapi.com//v1/favourites/invalid_id with params: {'api_key': 'live_Qc2yvxGD20H7cPuXf2TMWoxZmGT25UVZyPKHwR5vIlxLvmjLvx01PwXo8rXYu78O'}
[2025-02-13 22:25:16,154] - [INFO] - fixture.authorization_fixture (line: 41) -  test_create_favorite_with_empty_image_id has started:
[2025-02-13 22:25:16,155] - [INFO] - client.cat_favorites_client (line: 38) -  Making POST request to: https://api.thecatapi.com//v1/favourites with body: {'image_id': '', 'sub_id': 'e0Vz1089CP'}
[2025-02-13 22:25:16,308] - [INFO] - fixture.authorization_fixture (line: 48) -  create_favorite_without_image_id has started:
[2025-02-13 22:25:16,308] - [INFO] - client.cat_favorites_client (line: 38) -  Making POST request to: https://api.thecatapi.com//v1/favourites with body: {'image_id': None, 'sub_id': 'Swqab4tcmv'}
[2025-02-13 22:25:16,452] - [INFO] - fixture.authorization_fixture (line: 55) -  test_create_favorite_with_empty_sub_id has started:
[2025-02-13 22:25:16,452] - [INFO] - client.cat_favorites_client (line: 38) -  Making POST request to: https://api.thecatapi.com//v1/favourites with body: {'image_id': 'ghdIq1kSok', 'sub_id': ''}
[2025-02-13 22:25:16,593] - [INFO] - fixture.authorization_fixture (line: 62) -  test_create_favorite_without_sub_id has started:
[2025-02-13 22:25:16,593] - [INFO] - client.cat_favorites_client (line: 38) -  Making POST request to: https://api.thecatapi.com//v1/favourites with body: {'image_id': 'fFJaBEzC5z', 'sub_id': None}
[2025-02-13 22:25:16,775] - [INFO] - fixture.authorization_fixture (line: 85) -  create favotite as test data:
[2025-02-13 22:25:16,776] - [INFO] - client.cat_favorites_client (line: 38) -  Making POST request to: https://api.thecatapi.com//v1/favourites with body: {'image_id': 'BgSQrETdSlwv', 'sub_id': 'bGssO2kOjxN5'}
[2025-02-13 22:25:17,056] - [INFO] - fixture.authorization_fixture (line: 16) -  Logging of test execution has ended
[2025-02-13 22:25:34,558] - [INFO] - client.cat_favorites_client (line: 29) -  Logger initialized
[2025-02-13 22:25:34,568] - [INFO] - fixture.authorization_fixture (line: 29) -  Logger initialized
[2025-02-13 22:25:34,568] - [INFO] - fixture.authorization_fixture (line: 12) -  Loggin of test execution has started
[2025-02-13 22:25:34,569] - [INFO] - fixture.authorization_fixture (line: 21) -  test_create_favorite_with_invalid_api_key favorites has started:
[2025-02-13 22:25:34,569] - [INFO] - client.cat_favorites_client (line: 38) -  Making POST request to: https://api.thecatapi.com//v1/favourites with body: {'image_id': 'dnF6un4G7u', 'sub_id': '95yJnJ5lI0'}
[2025-02-13 22:25:34,794] - [INFO] - client.cat_favorites_client (line: 45) -  Received response with status code: 401 and body: AUTHENTICATION_ERROR - you need to send your API Key as the 'x-api-key' header
[2025-02-13 22:25:34,803] - [INFO] - fixture.authorization_fixture (line: 21) -  test_create_favorite_with_invalid_api_key favorites has started:
[2025-02-13 22:25:34,803] - [INFO] - client.cat_favorites_client (line: 38) -  Making POST request to: https://api.thecatapi.com//v1/favourites with body: {'image_id': 'wRbsrq2saB', 'sub_id': 'n3poMKYXBL'}
[2025-02-13 22:25:35,077] - [INFO] - client.cat_favorites_client (line: 45) -  Received response with status code: 401 and body: AUTHENTICATION_ERROR - you need to send your API Key as the 'x-api-key' header
[2025-02-13 22:25:35,085] - [INFO] - fixture.authorization_fixture (line: 28) -  test_delete_favorite_with_invalid_api_key favorites has started:
[2025-02-13 22:25:35,085] - [INFO] - client.cat_favorites_client (line: 50) -  Making DELETE request to: https://api.thecatapi.com//v1/favourites/invalid_id with params: {'api_key': ''}
[2025-02-13 22:25:35,318] - [INFO] - client.cat_favorites_client (line: 56) -  Received response with status code: 401 and body: AUTHENTICATION_ERROR - you need to send your API Key as the 'x-api-key' header
[2025-02-13 22:25:35,320] - [INFO] - fixture.authorization_fixture (line: 28) -  test_delete_favorite_with_invalid_api_key favorites has started:
[2025-02-13 22:25:35,320] - [INFO] - client.cat_favorites_client (line: 50) -  Making DELETE request to: https://api.thecatapi.com//v1/favourites/invalid_id with params: {'api_key': 'invalid_api_key'}
[2025-02-13 22:25:35,611] - [INFO] - client.cat_favorites_client (line: 56) -  Received response with status code: 401 and body: AUTHENTICATION_ERROR - you need to send your API Key as the 'x-api-key' header
[2025-02-13 22:25:35,618] - [INFO] - fixture.authorization_fixture (line: 34) -  test_delete_favorite_with_invalid_id favorites has started:
[2025-02-13 22:25:35,619] - [INFO] - client.cat_favorites_client (line: 50) -  Making DELETE request to: https://api.thecatapi.com//v1/favourites/invalid_id with params: {'api_key': 'live_Qc2yvxGD20H7cPuXf2TMWoxZmGT25UVZyPKHwR5vIlxLvmjLvx01PwXo8rXYu78O'}
[2025-02-13 22:25:36,085] - [INFO] - client.cat_favorites_client (line: 56) -  Received response with status code: 400 and body: INVALID_ACCOUNT
[2025-02-13 22:25:36,093] - [INFO] - fixture.authorization_fixture (line: 41) -  test_create_favorite_with_empty_image_id has started:
[2025-02-13 22:25:36,093] - [INFO] - client.cat_favorites_client (line: 38) -  Making POST request to: https://api.thecatapi.com//v1/favourites with body: {'image_id': '', 'sub_id': 'YJls0Gnh9T'}
[2025-02-13 22:25:36,508] - [INFO] - client.cat_favorites_client (line: 45) -  Received response with status code: 400 and body: "image_id" is not allowed to be empty
[2025-02-13 22:25:36,512] - [INFO] - fixture.authorization_fixture (line: 48) -  create_favorite_without_image_id has started:
[2025-02-13 22:25:36,512] - [INFO] - client.cat_favorites_client (line: 38) -  Making POST request to: https://api.thecatapi.com//v1/favourites with body: {'image_id': None, 'sub_id': 'jL1miK57mZ'}
[2025-02-13 22:25:36,888] - [INFO] - client.cat_favorites_client (line: 45) -  Received response with status code: 400 and body: "image_id" must be a string
[2025-02-13 22:25:36,898] - [INFO] - fixture.authorization_fixture (line: 55) -  test_create_favorite_with_empty_sub_id has started:
[2025-02-13 22:25:36,899] - [INFO] - client.cat_favorites_client (line: 38) -  Making POST request to: https://api.thecatapi.com//v1/favourites with body: {'image_id': 'RRS8ja6HwY', 'sub_id': ''}
[2025-02-13 22:25:37,275] - [INFO] - client.cat_favorites_client (line: 45) -  Received response with status code: 400 and body: "sub_id" is not allowed to be empty
[2025-02-13 22:25:37,285] - [INFO] - fixture.authorization_fixture (line: 62) -  test_create_favorite_without_sub_id has started:
[2025-02-13 22:25:37,285] - [INFO] - client.cat_favorites_client (line: 38) -  Making POST request to: https://api.thecatapi.com//v1/favourites with body: {'image_id': 'iRwX3uNYxc', 'sub_id': None}
[2025-02-13 22:25:37,659] - [INFO] - client.cat_favorites_client (line: 45) -  Received response with status code: 400 and body: "sub_id" must be a string
[2025-02-13 22:25:37,668] - [INFO] - fixture.authorization_fixture (line: 85) -  create favotite as test data:
[2025-02-13 22:25:37,669] - [INFO] - client.cat_favorites_client (line: 38) -  Making POST request to: https://api.thecatapi.com//v1/favourites with body: {'image_id': 'fiCJr8Q2Ju8o', 'sub_id': 'SfSh0grMKlkH'}
[2025-02-13 22:25:38,182] - [INFO] - client.cat_favorites_client (line: 45) -  Received response with status code: 200 and body: {"message":"SUCCESS","id":232515834}
[2025-02-13 22:25:38,185] - [INFO] - fixture.authorization_fixture (line: 95) -  test_create_favorite_with_image_id_exceeds_length has started:
[2025-02-13 22:25:38,186] - [INFO] - client.cat_favorites_client (line: 28) -  Making GET request to: https://api.thecatapi.com//v1/favourites/232515834 with params: {'api_key': 'live_Qc2yvxGD20H7cPuXf2TMWoxZmGT25UVZyPKHwR5vIlxLvmjLvx01PwXo8rXYu78O'}
[2025-02-13 22:25:38,632] - [INFO] - client.cat_favorites_client (line: 34) -  Received response with status code: 200, params: {'api_key': 'live_Qc2yvxGD20H7cPuXf2TMWoxZmGT25UVZyPKHwR5vIlxLvmjLvx01PwXo8rXYu78O'} and body: {"id":232515834,"user_id":"1ui9xu","image_id":"fiCJr8Q2Ju8","sub_id":"SfSh0grMKlkH","created_at":"2025-02-13T20:25:39.000Z","image":{}}
[2025-02-13 22:25:38,647] - [INFO] - client.cat_favorites_client (line: 50) -  Making DELETE request to: https://api.thecatapi.com//v1/favourites/232515834 with params: {'api_key': 'live_Qc2yvxGD20H7cPuXf2TMWoxZmGT25UVZyPKHwR5vIlxLvmjLvx01PwXo8rXYu78O'}
[2025-02-13 22:25:39,122] - [INFO] - client.cat_favorites_client (line: 56) -  Received response with status code: 200 and body: {"message":"SUCCESS"}
[2025-02-13 22:25:39,123] - [INFO] - fixture.authorization_fixture (line: 16) -  Logging of test execution has ended
[2025-02-13 22:27:14,018] - [INFO] - client.cat_favorites_client (line: 29) -  Logger initialized
[2025-02-13 22:27:17,135] - [INFO] - client.cat_favorites_client (line: 29) -  Logger initialized
[2025-02-13 22:27:17,142] - [INFO] - fixture.authorization_fixture (line: 29) -  Logger initialized
[2025-02-13 22:27:17,143] - [INFO] - fixture.authorization_fixture (line: 12) -  Loggin of test execution has started
[2025-02-13 22:27:17,144] - [INFO] - fixture.authorization_fixture (line: 85) -  create favotite as test data:
[2025-02-13 22:27:17,146] - [INFO] - client.cat_favorites_client (line: 38) -  Making POST request to: https://api.thecatapi.com//v1/favourites with body: {'image_id': 'kTaae5R7JcCA', 'sub_id': 'MS71Dm9Q1W7I'}
[2025-02-13 22:27:19,212] - [INFO] - client.cat_favorites_client (line: 45) -  Received response with status code: 200 and body: {"message":"SUCCESS","id":232515835}
[2025-02-13 22:27:19,217] - [INFO] - fixture.authorization_fixture (line: 94) -  test_create_favorite_with_sub_id_exceeds_length has started:
[2025-02-13 22:27:19,217] - [INFO] - client.cat_favorites_client (line: 28) -  Making GET request to: https://api.thecatapi.com//v1/favourites/232515835 with params: {'api_key': 'live_Qc2yvxGD20H7cPuXf2TMWoxZmGT25UVZyPKHwR5vIlxLvmjLvx01PwXo8rXYu78O'}
[2025-02-13 22:27:19,732] - [INFO] - client.cat_favorites_client (line: 34) -  Received response with status code: 200, params: {'api_key': 'live_Qc2yvxGD20H7cPuXf2TMWoxZmGT25UVZyPKHwR5vIlxLvmjLvx01PwXo8rXYu78O'} and body: {"id":232515835,"user_id":"1ui9xu","image_id":"kTaae5R7JcC","sub_id":"MS71Dm9Q1W7I","created_at":"2025-02-13T20:27:19.000Z","image":{}}
[2025-02-13 22:27:19,957] - [INFO] - client.cat_favorites_client (line: 50) -  Making DELETE request to: https://api.thecatapi.com//v1/favourites/232515835 with params: {'api_key': 'live_Qc2yvxGD20H7cPuXf2TMWoxZmGT25UVZyPKHwR5vIlxLvmjLvx01PwXo8rXYu78O'}
[2025-02-13 22:27:20,405] - [INFO] - client.cat_favorites_client (line: 56) -  Received response with status code: 200 and body: {"message":"SUCCESS"}
[2025-02-13 22:27:20,407] - [INFO] - fixture.authorization_fixture (line: 16) -  Logging of test execution has ended
[2025-02-13 22:29:05,345] - [INFO] - client.cat_favorites_client (line: 29) -  Logger initialized
[2025-02-13 22:29:12,156] - [INFO] - client.cat_favorites_client (line: 29) -  Logger initialized
[2025-02-13 22:29:12,165] - [INFO] - fixture.authorization_fixture (line: 29) -  Logger initialized
[2025-02-13 22:29:12,165] - [INFO] - fixture.authorization_fixture (line: 12) -  Loggin of test execution has started
[2025-02-13 22:29:12,165] - [INFO] - fixture.authorization_fixture (line: 72) -  create favotite as test data:
[2025-02-13 22:29:12,166] - [INFO] - client.cat_favorites_client (line: 38) -  Making POST request to: https://api.thecatapi.com//v1/favourites with body: {'image_id': 'tj0Q3ECciPUt', 'sub_id': 'zexjIAGaF4Ca7LgvjVaql2nKRtB84uQnmejRavIW9DRQb6TC5QANNJIBBjoIXyf65R9nHbIScqP13wFTqgd2jDdr5PqeyQSR5sesLqBUPU51rms1yn8VgjarfmZDv6KWOu3r4GCyXWLcwptWMlekxflAzylqDaH9g4fdZKTFoQ9CLgTVPjzAr0LJu4jPKfbidRbscobC'}
[2025-02-13 22:29:12,682] - [INFO] - client.cat_favorites_client (line: 45) -  Received response with status code: 200 and body: {"message":"SUCCESS","id":232515836}
[2025-02-13 22:29:12,684] - [INFO] - fixture.authorization_fixture (line: 95) -  test_create_favorite_with_sub_id_exceeds_length has started:
[2025-02-13 22:29:12,684] - [INFO] - client.cat_favorites_client (line: 28) -  Making GET request to: https://api.thecatapi.com//v1/favourites/232515836 with params: {'api_key': 'live_Qc2yvxGD20H7cPuXf2TMWoxZmGT25UVZyPKHwR5vIlxLvmjLvx01PwXo8rXYu78O'}
[2025-02-13 22:29:13,158] - [INFO] - client.cat_favorites_client (line: 34) -  Received response with status code: 200, params: {'api_key': 'live_Qc2yvxGD20H7cPuXf2TMWoxZmGT25UVZyPKHwR5vIlxLvmjLvx01PwXo8rXYu78O'} and body: {"id":232515836,"user_id":"1ui9xu","image_id":"tj0Q3ECciPU","sub_id":"zexjIAGaF4Ca7LgvjVaql2nKRtB84uQnmejRavIW9DRQb6TC5QANNJIBBjoIXyf65R9nHbIScqP13wFTqgd2jDdr5PqeyQSR5sesLqBUPU51rms1yn8VgjarfmZDv6KWOu3r4GCyXWLcwptWMlekxflAzylqDaH9g4fdZKTFoQ9CLgTVPjzAr0LJu4jPKfbidRbscobC","created_at":"2025-02-13T20:29:14.000Z","image":{}}
[2025-02-13 22:29:13,336] - [INFO] - client.cat_favorites_client (line: 50) -  Making DELETE request to: https://api.thecatapi.com//v1/favourites/232515836 with params: {'api_key': 'live_Qc2yvxGD20H7cPuXf2TMWoxZmGT25UVZyPKHwR5vIlxLvmjLvx01PwXo8rXYu78O'}
[2025-02-13 22:29:13,846] - [INFO] - client.cat_favorites_client (line: 56) -  Received response with status code: 200 and body: {"message":"SUCCESS"}
[2025-02-13 22:29:13,847] - [INFO] - fixture.authorization_fixture (line: 16) -  Logging of test execution has ended
[2025-02-13 22:29:44,552] - [INFO] - client.cat_favorites_client (line: 29) -  Logger initialized
[2025-02-13 22:29:47,884] - [INFO] - client.cat_favorites_client (line: 29) -  Logger initialized
[2025-02-13 22:29:47,891] - [INFO] - fixture.authorization_fixture (line: 29) -  Logger initialized
[2025-02-13 22:29:47,892] - [INFO] - fixture.authorization_fixture (line: 12) -  Loggin of test execution has started
[2025-02-13 22:29:47,892] - [INFO] - fixture.authorization_fixture (line: 72) -  create favotite as test data:
[2025-02-13 22:29:47,892] - [INFO] - client.cat_favorites_client (line: 38) -  Making POST request to: https://api.thecatapi.com//v1/favourites with body: {'image_id': '6PnQhZFZsHLv', 'sub_id': 'jRehnef6nboi2gI6cbGsHbO2te631TnOPUVcfGUDFwIUK9GX588lRV9lrQypS0lceJmRNGFTLtTMPLaX90UprMpdbqx9ZH82StQvjuocNoeUyh8UtUGFYmGX6AJdRo7kUReIp1B9576HEgemEd9ujFDrjAd3roIkvoSDOyrdvozXjRXtw0AvLOAKCVarAzZ2VH7CfTa02fzKwiQtNU4uyWsC0aIx1GFYngvPnpRSPwji3pIHScl6zBspiNns7CSIs77Ta8Ey4pg3peDdVsyciReXXGnOXFkdXKsme7N67xzmV8lzyTv7f6Ce3c64vVdfJwzxd8p0Ll0kcPepQ6NIysyWwtbfwhmgK5RfafDiirUBkec8EQppOixgthik9wwsv3gKzPi6Z4TUtdgjOtsQMYwzBYWAAhPlucq6U3QQnwCv9m7WLbQpZpu7wQQ4EChyKoO6bBX4bIzrYLfJmgKF5XaogRdXosD3otyMgVvV052Umdeb5Wcda6uWULK2gURPsvqoMbR9s1CE1dfEafyFKsuLYbpeyCO3Nz0AVHyEVj1dp7bQ0yxKQJfbIAoca0BAvVykfXaja5mNuWuvOEHV26M1a6jUAXCnnSeR91tlfknSSBFMXJsGmIuDmCRWbvMkrwqzvclVqllX7WC3Abx4VwWhS8igHGiMz1cRMSgTtb1eEZEVcFBoQoUTiu46UiLyYn6tri19xTWHSaVdEFAtTSx84hd8594Br3XK1oNZaCZfyd4WmfkgpMAP2SYlwK6yrCoBs1kHymZlSsTAPbANCogLgDr4lAfvbGofeGJ9MWsoh3l0hZpVba9BlPgVhfmFWTzDynlejkbtNHoAZobQPalhAHAPSMLIXbdwnQXRqrMIhxza4R48Vh6Q4PDMCcy03OETq76L9fHP2wj7pF3qDwaIVuiGpOUYNA9X87HkHN9v1SPIT9L8tT6dOFDNO6L1BOjKmivKYSm3PdLy00vJhSppBoT5epmLktsGhZJg'}
[2025-02-13 22:29:48,464] - [INFO] - client.cat_favorites_client (line: 45) -  Received response with status code: 200 and body: {"message":"SUCCESS","id":232515837}
[2025-02-13 22:29:48,469] - [INFO] - fixture.authorization_fixture (line: 95) -  test_create_favorite_with_sub_id_exceeds_length has started:
[2025-02-13 22:29:48,470] - [INFO] - client.cat_favorites_client (line: 28) -  Making GET request to: https://api.thecatapi.com//v1/favourites/232515837 with params: {'api_key': 'live_Qc2yvxGD20H7cPuXf2TMWoxZmGT25UVZyPKHwR5vIlxLvmjLvx01PwXo8rXYu78O'}
[2025-02-13 22:29:48,934] - [INFO] - client.cat_favorites_client (line: 34) -  Received response with status code: 200, params: {'api_key': 'live_Qc2yvxGD20H7cPuXf2TMWoxZmGT25UVZyPKHwR5vIlxLvmjLvx01PwXo8rXYu78O'} and body: {"id":232515837,"user_id":"1ui9xu","image_id":"6PnQhZFZsHL","sub_id":"jRehnef6nboi2gI6cbGsHbO2te631TnOPUVcfGUDFwIUK9GX588lRV9lrQypS0lceJmRNGFTLtTMPLaX90UprMpdbqx9ZH82StQvjuocNoeUyh8UtUGFYmGX6AJdRo7kUReIp1B9576HEgemEd9ujFDrjAd3roIkvoSDOyrdvozXjRXtw0AvLOAKCVarAzZ2VH7CfTa02fzKwiQtNU4uyWsC0aIx1GFYngvPnpRSPwji3pIHScl6zBspiNns7CS","created_at":"2025-02-13T20:29:49.000Z","image":{}}
[2025-02-13 22:29:49,144] - [INFO] - client.cat_favorites_client (line: 50) -  Making DELETE request to: https://api.thecatapi.com//v1/favourites/232515837 with params: {'api_key': 'live_Qc2yvxGD20H7cPuXf2TMWoxZmGT25UVZyPKHwR5vIlxLvmjLvx01PwXo8rXYu78O'}
[2025-02-13 22:29:49,598] - [INFO] - client.cat_favorites_client (line: 56) -  Received response with status code: 200 and body: {"message":"SUCCESS"}
[2025-02-13 22:29:49,600] - [INFO] - fixture.authorization_fixture (line: 16) -  Logging of test execution has ended
[2025-02-13 22:32:41,948] - [INFO] - client.cat_favorites_client (line: 29) -  Logger initialized
[2025-02-13 22:32:45,152] - [INFO] - client.cat_favorites_client (line: 29) -  Logger initialized
[2025-02-13 22:32:45,160] - [INFO] - fixture.authorization_fixture (line: 29) -  Logger initialized
[2025-02-13 22:32:45,160] - [INFO] - fixture.authorization_fixture (line: 12) -  Loggin of test execution has started
[2025-02-13 22:32:45,160] - [INFO] - fixture.authorization_fixture (line: 73) -  create favotite as test data:
[2025-02-13 22:32:45,160] - [INFO] - client.cat_favorites_client (line: 38) -  Making POST request to: https://api.thecatapi.com//v1/favourites with body: {'image_id': 'vK9mvBTyzwSa', 'sub_id': 'uNwnw8K3NR9qm5FRDgaQERBTpH4uUsY4pRr7rjCQAPnmP1xXD568oz7ItyBTsxHVoc6rc81JaJmteawdKQRH7Fad6aeSZw7J5uwyZ24eK2etL9YC7f0HKyaSsYwc1Do4farY3dQ4GIEp2LifcQaPNZmaICIEmRNySAnRSytWfH7JbW7jNoKatyCKNHFB7pk77YuayRe9lbHc4KGuwt9CEflTuJuMRDhHrLzVYlqc76GdC30ADKnYoYJSdNMAvPuT'}
[2025-02-13 22:33:06,567] - [INFO] - fixture.authorization_fixture (line: 16) -  Logging of test execution has ended
[2025-02-13 22:33:34,410] - [INFO] - client.cat_favorites_client (line: 29) -  Logger initialized
[2025-02-13 22:33:34,418] - [INFO] - fixture.authorization_fixture (line: 29) -  Logger initialized
[2025-02-13 22:33:34,419] - [INFO] - fixture.authorization_fixture (line: 12) -  Loggin of test execution has started
[2025-02-13 22:33:34,420] - [INFO] - fixture.authorization_fixture (line: 73) -  create favotite as test data:
[2025-02-13 22:33:34,421] - [INFO] - client.cat_favorites_client (line: 38) -  Making POST request to: https://api.thecatapi.com//v1/favourites with body: {'image_id': 'Kpj7kJu4nlpY', 'sub_id': 'ziXS1uaP3EyT9n7aV6OgAqlqT2bCNX1Z7KZ0WW3zk5jM8T42a0wC6Pq3ZV8xqC4wOW9s4dKvtbVH2SigLKijRDAJvOUmtAeBO5KBW5u8rTdMurHTvZpsi0HityiUAJurVuzALGmnqDM908Cae2YOQFyYQRNB5EIGto1yY1F3fVSOy0hm1ai76WbwAvRLM1N5XghwR4EKCyvsPEZ2BpZhPdZ69aXveUQS1yt2id1rmdhmljwSspgSvUn7KS4vso02'}
[2025-02-13 22:33:34,941] - [INFO] - client.cat_favorites_client (line: 45) -  Received response with status code: 200 and body: {"message":"SUCCESS","id":232515838}
[2025-02-13 22:33:34,945] - [INFO] - fixture.authorization_fixture (line: 105) -  test_create_favorite_with_duplicated_favorites has started:
[2025-02-13 22:33:34,946] - [INFO] - client.cat_favorites_client (line: 28) -  Making GET request to: https://api.thecatapi.com//v1/favourites/232515838 with params: {'api_key': 'live_Qc2yvxGD20H7cPuXf2TMWoxZmGT25UVZyPKHwR5vIlxLvmjLvx01PwXo8rXYu78O'}
[2025-02-13 22:33:35,425] - [INFO] - client.cat_favorites_client (line: 34) -  Received response with status code: 200, params: {'api_key': 'live_Qc2yvxGD20H7cPuXf2TMWoxZmGT25UVZyPKHwR5vIlxLvmjLvx01PwXo8rXYu78O'} and body: {"id":232515838,"user_id":"1ui9xu","image_id":"Kpj7kJu4nlp","sub_id":"ziXS1uaP3EyT9n7aV6OgAqlqT2bCNX1Z7KZ0WW3zk5jM8T42a0wC6Pq3ZV8xqC4wOW9s4dKvtbVH2SigLKijRDAJvOUmtAeBO5KBW5u8rTdMurHTvZpsi0HityiUAJurVuzALGmnqDM908Cae2YOQFyYQRNB5EIGto1yY1F3fVSOy0hm1ai76WbwAvRLM1N5XghwR4EKCyvsPEZ2BpZhPdZ69aXveUQS1yt2id1rmdhmljwSspgSvUn7KS4vso0","created_at":"2025-02-13T20:33:36.000Z","image":{}}
[2025-02-13 22:33:35,426] - [INFO] - client.cat_favorites_client (line: 38) -  Making POST request to: https://api.thecatapi.com//v1/favourites with body: {'image_id': 'Kpj7kJu4nlp', 'sub_id': 'ziXS1uaP3EyT9n7aV6OgAqlqT2bCNX1Z7KZ0WW3zk5jM8T42a0wC6Pq3ZV8xqC4wOW9s4dKvtbVH2SigLKijRDAJvOUmtAeBO5KBW5u8rTdMurHTvZpsi0HityiUAJurVuzALGmnqDM908Cae2YOQFyYQRNB5EIGto1yY1F3fVSOy0hm1ai76WbwAvRLM1N5XghwR4EKCyvsPEZ2BpZhPdZ69aXveUQS1yt2id1rmdhmljwSspgSvUn7KS4vso0'}
[2025-02-13 22:33:35,840] - [INFO] - client.cat_favorites_client (line: 45) -  Received response with status code: 400 and body: DUPLICATE_FAVOURITE - favourites are unique for account + image_id + sub_id
[2025-02-13 22:33:36,015] - [INFO] - client.cat_favorites_client (line: 50) -  Making DELETE request to: https://api.thecatapi.com//v1/favourites/232515838 with params: {'api_key': 'live_Qc2yvxGD20H7cPuXf2TMWoxZmGT25UVZyPKHwR5vIlxLvmjLvx01PwXo8rXYu78O'}
[2025-02-13 22:33:36,490] - [INFO] - client.cat_favorites_client (line: 56) -  Received response with status code: 200 and body: {"message":"SUCCESS"}
[2025-02-13 22:33:36,493] - [INFO] - fixture.authorization_fixture (line: 16) -  Logging of test execution has ended
[2025-02-13 22:34:14,364] - [INFO] - client.cat_favorites_client (line: 29) -  Logger initialized
[2025-02-13 22:34:20,087] - [INFO] - client.cat_favorites_client (line: 29) -  Logger initialized
[2025-02-13 22:34:20,100] - [INFO] - fixture.authorization_fixture (line: 29) -  Logger initialized
[2025-02-13 22:34:20,100] - [INFO] - fixture.authorization_fixture (line: 12) -  Loggin of test execution has started
[2025-02-13 22:34:20,101] - [INFO] - fixture.authorization_fixture (line: 73) -  create favotite as test data:
[2025-02-13 22:34:20,101] - [INFO] - client.cat_favorites_client (line: 38) -  Making POST request to: https://api.thecatapi.com//v1/favourites with body: {'image_id': 'C1L7mRd7ImCD', 'sub_id': '1K8qpXJYeGLh8LJ6LA4l4i95vRQlomFqewd7npj3Sq9vVrMDR576Od4H62T5TwVe6QCWmRqykArBi8DwgE4zLHGBpc3bayZbumnhMC69yRVCBW5Ck0RGYpQlKSPicPDtOoYmJQ6ZZjZowfVYAIJoDHOR2BVKyynxzQrRoN6rMLw6UkpEUdUfqlqlx5f0Xsdy9Ny0r74WDItggaO4UeUYZxWCwXkCb3YVL8qHRWRXh7nPeGmma9DFfXa7EcelrTOc'}
[2025-02-13 22:34:20,314] - [INFO] - client.cat_favorites_client (line: 29) -  Logger initialized
[2025-02-13 22:34:20,689] - [INFO] - client.cat_favorites_client (line: 45) -  Received response with status code: 200 and body: {"message":"SUCCESS","id":232515839}
[2025-02-13 22:34:20,691] - [INFO] - fixture.authorization_fixture (line: 105) -  test_create_favorite_with_duplicated_favorites has started:
[2025-02-13 22:34:20,691] - [INFO] - client.cat_favorites_client (line: 28) -  Making GET request to: https://api.thecatapi.com//v1/favourites/232515839 with params: {'api_key': 'live_Qc2yvxGD20H7cPuXf2TMWoxZmGT25UVZyPKHwR5vIlxLvmjLvx01PwXo8rXYu78O'}
[2025-02-13 22:34:21,185] - [INFO] - client.cat_favorites_client (line: 34) -  Received response with status code: 200, params: {'api_key': 'live_Qc2yvxGD20H7cPuXf2TMWoxZmGT25UVZyPKHwR5vIlxLvmjLvx01PwXo8rXYu78O'} and body: {"id":232515839,"user_id":"1ui9xu","image_id":"C1L7mRd7ImC","sub_id":"1K8qpXJYeGLh8LJ6LA4l4i95vRQlomFqewd7npj3Sq9vVrMDR576Od4H62T5TwVe6QCWmRqykArBi8DwgE4zLHGBpc3bayZbumnhMC69yRVCBW5Ck0RGYpQlKSPicPDtOoYmJQ6ZZjZowfVYAIJoDHOR2BVKyynxzQrRoN6rMLw6UkpEUdUfqlqlx5f0Xsdy9Ny0r74WDItggaO4UeUYZxWCwXkCb3YVL8qHRWRXh7nPeGmma9DFfXa7EcelrTO","created_at":"2025-02-13T20:34:22.000Z","image":{}}
[2025-02-13 22:34:21,186] - [INFO] - client.cat_favorites_client (line: 38) -  Making POST request to: https://api.thecatapi.com//v1/favourites with body: {'image_id': 'C1L7mRd7ImC', 'sub_id': '1K8qpXJYeGLh8LJ6LA4l4i95vRQlomFqewd7npj3Sq9vVrMDR576Od4H62T5TwVe6QCWmRqykArBi8DwgE4zLHGBpc3bayZbumnhMC69yRVCBW5Ck0RGYpQlKSPicPDtOoYmJQ6ZZjZowfVYAIJoDHOR2BVKyynxzQrRoN6rMLw6UkpEUdUfqlqlx5f0Xsdy9Ny0r74WDItggaO4UeUYZxWCwXkCb3YVL8qHRWRXh7nPeGmma9DFfXa7EcelrTO'}
[2025-02-13 22:34:21,948] - [INFO] - client.cat_favorites_client (line: 45) -  Received response with status code: 400 and body: DUPLICATE_FAVOURITE - favourites are unique for account + image_id + sub_id
[2025-02-13 22:34:22,150] - [INFO] - client.cat_favorites_client (line: 50) -  Making DELETE request to: https://api.thecatapi.com//v1/favourites/232515839 with params: {'api_key': 'live_Qc2yvxGD20H7cPuXf2TMWoxZmGT25UVZyPKHwR5vIlxLvmjLvx01PwXo8rXYu78O'}
[2025-02-13 22:34:22,664] - [INFO] - client.cat_favorites_client (line: 56) -  Received response with status code: 200 and body: {"message":"SUCCESS"}
[2025-02-13 22:34:22,667] - [INFO] - fixture.authorization_fixture (line: 16) -  Logging of test execution has ended
[2025-02-13 22:34:52,281] - [INFO] - client.cat_favorites_client (line: 29) -  Logger initialized
[2025-02-13 22:34:53,333] - [INFO] - client.cat_favorites_client (line: 29) -  Logger initialized
[2025-02-13 22:34:53,343] - [INFO] - fixture.authorization_fixture (line: 29) -  Logger initialized
[2025-02-13 22:34:53,343] - [INFO] - fixture.authorization_fixture (line: 12) -  Loggin of test execution has started
[2025-02-13 22:34:53,344] - [INFO] - fixture.authorization_fixture (line: 73) -  create favotite as test data:
[2025-02-13 22:34:53,344] - [INFO] - client.cat_favorites_client (line: 38) -  Making POST request to: https://api.thecatapi.com//v1/favourites with body: {'image_id': 'aC9VS9NYKv91', 'sub_id': 'lBKJdlgt1k8k0ZZDQYokNXIZYl8vM29af81gWEV6Cif1jaQNs7UXAhRRDNPPz3PgCXYlaOMej9mUrKOmLAQ47mybZRiJPLnuTi9TqPE5C1d3Mj9GkbWYAlS7FCgKL2GncWKEpaySzchzU9xOAPui5Rhbk0Hj9B12W2rMxTPK0g1HwzW7Q2qidIwFv76HHwZrZUUGxwFDLeKn35BeurDtEVINgi14hWuHy9aBn29NWEMBuqPvxW5Bkz9A2wQAm1EM'}
[2025-02-13 22:34:53,893] - [INFO] - client.cat_favorites_client (line: 45) -  Received response with status code: 200 and body: {"message":"SUCCESS","id":232515840}
[2025-02-13 22:34:53,896] - [INFO] - fixture.authorization_fixture (line: 105) -  test_create_favorite_with_duplicated_favorites has started:
[2025-02-13 22:34:53,896] - [INFO] - client.cat_favorites_client (line: 28) -  Making GET request to: https://api.thecatapi.com//v1/favourites/232515840 with params: {'api_key': 'live_Qc2yvxGD20H7cPuXf2TMWoxZmGT25UVZyPKHwR5vIlxLvmjLvx01PwXo8rXYu78O'}
[2025-02-13 22:34:54,343] - [INFO] - client.cat_favorites_client (line: 34) -  Received response with status code: 200, params: {'api_key': 'live_Qc2yvxGD20H7cPuXf2TMWoxZmGT25UVZyPKHwR5vIlxLvmjLvx01PwXo8rXYu78O'} and body: {"id":232515840,"user_id":"1ui9xu","image_id":"aC9VS9NYKv9","sub_id":"lBKJdlgt1k8k0ZZDQYokNXIZYl8vM29af81gWEV6Cif1jaQNs7UXAhRRDNPPz3PgCXYlaOMej9mUrKOmLAQ47mybZRiJPLnuTi9TqPE5C1d3Mj9GkbWYAlS7FCgKL2GncWKEpaySzchzU9xOAPui5Rhbk0Hj9B12W2rMxTPK0g1HwzW7Q2qidIwFv76HHwZrZUUGxwFDLeKn35BeurDtEVINgi14hWuHy9aBn29NWEMBuqPvxW5Bkz9A2wQAm1E","created_at":"2025-02-13T20:34:55.000Z","image":{}}
[2025-02-13 22:34:54,344] - [INFO] - client.cat_favorites_client (line: 38) -  Making POST request to: https://api.thecatapi.com//v1/favourites with body: {'image_id': 'aC9VS9NYKv9', 'sub_id': 'lBKJdlgt1k8k0ZZDQYokNXIZYl8vM29af81gWEV6Cif1jaQNs7UXAhRRDNPPz3PgCXYlaOMej9mUrKOmLAQ47mybZRiJPLnuTi9TqPE5C1d3Mj9GkbWYAlS7FCgKL2GncWKEpaySzchzU9xOAPui5Rhbk0Hj9B12W2rMxTPK0g1HwzW7Q2qidIwFv76HHwZrZUUGxwFDLeKn35BeurDtEVINgi14hWuHy9aBn29NWEMBuqPvxW5Bkz9A2wQAm1E'}
[2025-02-13 22:34:54,784] - [INFO] - client.cat_favorites_client (line: 45) -  Received response with status code: 400 and body: DUPLICATE_FAVOURITE - favourites are unique for account + image_id + sub_id
[2025-02-13 22:34:54,965] - [INFO] - client.cat_favorites_client (line: 50) -  Making DELETE request to: https://api.thecatapi.com//v1/favourites/232515840 with params: {'api_key': 'live_Qc2yvxGD20H7cPuXf2TMWoxZmGT25UVZyPKHwR5vIlxLvmjLvx01PwXo8rXYu78O'}
[2025-02-13 22:34:55,440] - [INFO] - client.cat_favorites_client (line: 56) -  Received response with status code: 200 and body: {"message":"SUCCESS"}
[2025-02-13 22:34:55,444] - [INFO] - fixture.authorization_fixture (line: 16) -  Logging of test execution has ended
[2025-02-13 22:36:10,468] - [INFO] - client.cat_favorites_client (line: 29) -  Logger initialized
[2025-02-13 22:36:11,479] - [INFO] - client.cat_favorites_client (line: 29) -  Logger initialized
[2025-02-13 22:36:11,487] - [INFO] - fixture.authorization_fixture (line: 29) -  Logger initialized
[2025-02-13 22:36:11,487] - [INFO] - fixture.authorization_fixture (line: 12) -  Loggin of test execution has started
[2025-02-13 22:36:11,488] - [INFO] - fixture.authorization_fixture (line: 73) -  create favotite as test data:
[2025-02-13 22:36:11,488] - [INFO] - client.cat_favorites_client (line: 38) -  Making POST request to: https://api.thecatapi.com//v1/favourites with body: {'image_id': 'tFfH4OC2XOnI', 'sub_id': 'fjXwnwIQQZHldYGjHEqOeKCSTptVAEfnmkq3qTXeILbthVrWCCnDJBvmgJfZuMfBTSeIrhPwqlDpavq7u8XkhxMobJBs4OIMpeaECM7lRUkjZwwEdhmlvS6FPLzytmLobGwrVzLoNLOz0LmLFWCuJjPUyufZMDZsTBdsYtLu99g5gHm7aFk0uZ9rn9MZGjnGZnhuks1X537q9KuA2ZgXJzVnyO954fEFIZapkT7DybDomORVSbtRYacqVsjK1X3M'}
[2025-02-13 22:36:12,134] - [INFO] - client.cat_favorites_client (line: 45) -  Received response with status code: 200 and body: {"message":"SUCCESS","id":232515841}
[2025-02-13 22:36:12,135] - [INFO] - fixture.authorization_fixture (line: 105) -  test_create_favorite_with_duplicated_favorites has started:
[2025-02-13 22:36:12,135] - [INFO] - client.cat_favorites_client (line: 28) -  Making GET request to: https://api.thecatapi.com//v1/favourites/232515841 with params: {'api_key': 'live_Qc2yvxGD20H7cPuXf2TMWoxZmGT25UVZyPKHwR5vIlxLvmjLvx01PwXo8rXYu78O'}
[2025-02-13 22:36:12,614] - [INFO] - client.cat_favorites_client (line: 34) -  Received response with status code: 200, params: {'api_key': 'live_Qc2yvxGD20H7cPuXf2TMWoxZmGT25UVZyPKHwR5vIlxLvmjLvx01PwXo8rXYu78O'} and body: {"id":232515841,"user_id":"1ui9xu","image_id":"tFfH4OC2XOn","sub_id":"fjXwnwIQQZHldYGjHEqOeKCSTptVAEfnmkq3qTXeILbthVrWCCnDJBvmgJfZuMfBTSeIrhPwqlDpavq7u8XkhxMobJBs4OIMpeaECM7lRUkjZwwEdhmlvS6FPLzytmLobGwrVzLoNLOz0LmLFWCuJjPUyufZMDZsTBdsYtLu99g5gHm7aFk0uZ9rn9MZGjnGZnhuks1X537q9KuA2ZgXJzVnyO954fEFIZapkT7DybDomORVSbtRYacqVsjK1X3","created_at":"2025-02-13T20:36:13.000Z","image":{}}
[2025-02-13 22:36:12,615] - [INFO] - client.cat_favorites_client (line: 38) -  Making POST request to: https://api.thecatapi.com//v1/favourites with body: {'image_id': 'tFfH4OC2XOn', 'sub_id': 'fjXwnwIQQZHldYGjHEqOeKCSTptVAEfnmkq3qTXeILbthVrWCCnDJBvmgJfZuMfBTSeIrhPwqlDpavq7u8XkhxMobJBs4OIMpeaECM7lRUkjZwwEdhmlvS6FPLzytmLobGwrVzLoNLOz0LmLFWCuJjPUyufZMDZsTBdsYtLu99g5gHm7aFk0uZ9rn9MZGjnGZnhuks1X537q9KuA2ZgXJzVnyO954fEFIZapkT7DybDomORVSbtRYacqVsjK1X3'}
[2025-02-13 22:36:14,642] - [INFO] - client.cat_favorites_client (line: 45) -  Received response with status code: 400 and body: DUPLICATE_FAVOURITE - favourites are unique for account + image_id + sub_id
[2025-02-13 22:36:14,844] - [INFO] - client.cat_favorites_client (line: 50) -  Making DELETE request to: https://api.thecatapi.com//v1/favourites/232515841 with params: {'api_key': 'live_Qc2yvxGD20H7cPuXf2TMWoxZmGT25UVZyPKHwR5vIlxLvmjLvx01PwXo8rXYu78O'}
[2025-02-13 22:36:15,326] - [INFO] - client.cat_favorites_client (line: 56) -  Received response with status code: 200 and body: {"message":"SUCCESS"}
[2025-02-13 22:36:15,329] - [INFO] - fixture.authorization_fixture (line: 16) -  Logging of test execution has ended
[2025-02-13 22:37:34,003] - [INFO] - client.cat_favorites_client (line: 29) -  Logger initialized
[2025-02-13 22:37:35,147] - [INFO] - client.cat_favorites_client (line: 29) -  Logger initialized
[2025-02-13 22:37:35,156] - [INFO] - fixture.authorization_fixture (line: 29) -  Logger initialized
[2025-02-13 22:37:35,156] - [INFO] - fixture.authorization_fixture (line: 12) -  Loggin of test execution has started
[2025-02-13 22:37:35,156] - [INFO] - fixture.authorization_fixture (line: 73) -  create favotite as test data:
[2025-02-13 22:37:35,157] - [INFO] - client.cat_favorites_client (line: 38) -  Making POST request to: https://api.thecatapi.com//v1/favourites with body: {'image_id': 'MncpzpC4SVSF', 'sub_id': 't7znwnFObO96cR3hZUUmdX1wKW1NTpb4wx9bLYqmLjgIlSAu7yrUhBGG0Kwq9588cOR2wcBBU4872E5vmwUZ5vWcLFjHLu7c5sHbSPPCTNF7G7gXSi6QNrxXMGRHguOfmgoPw2eLs8rAhhnwHiGaQZSFD3Gqi8cXUIPG5O769EGTEINX4xy4SgmOenJbAEhW159zrBRSUvkzdjEtXisOOREan7XADoSUuFIFoxcueQKWi2AdfcrgGIxRiChVl4Q2'}
[2025-02-13 22:37:35,693] - [INFO] - client.cat_favorites_client (line: 45) -  Received response with status code: 200 and body: {"message":"SUCCESS","id":232515842}
[2025-02-13 22:37:35,696] - [INFO] - fixture.authorization_fixture (line: 105) -  test_create_favorite_with_duplicated_favorites has started:
[2025-02-13 22:37:35,696] - [INFO] - client.cat_favorites_client (line: 28) -  Making GET request to: https://api.thecatapi.com//v1/favourites/232515842 with params: {'api_key': 'live_Qc2yvxGD20H7cPuXf2TMWoxZmGT25UVZyPKHwR5vIlxLvmjLvx01PwXo8rXYu78O'}
[2025-02-13 22:37:36,165] - [INFO] - client.cat_favorites_client (line: 34) -  Received response with status code: 200, params: {'api_key': 'live_Qc2yvxGD20H7cPuXf2TMWoxZmGT25UVZyPKHwR5vIlxLvmjLvx01PwXo8rXYu78O'} and body: {"id":232515842,"user_id":"1ui9xu","image_id":"MncpzpC4SVS","sub_id":"t7znwnFObO96cR3hZUUmdX1wKW1NTpb4wx9bLYqmLjgIlSAu7yrUhBGG0Kwq9588cOR2wcBBU4872E5vmwUZ5vWcLFjHLu7c5sHbSPPCTNF7G7gXSi6QNrxXMGRHguOfmgoPw2eLs8rAhhnwHiGaQZSFD3Gqi8cXUIPG5O769EGTEINX4xy4SgmOenJbAEhW159zrBRSUvkzdjEtXisOOREan7XADoSUuFIFoxcueQKWi2AdfcrgGIxRiChVl4Q","created_at":"2025-02-13T20:37:37.000Z","image":{}}
[2025-02-13 22:37:36,165] - [INFO] - client.cat_favorites_client (line: 38) -  Making POST request to: https://api.thecatapi.com//v1/favourites with body: {'image_id': 'MncpzpC4SVS', 'sub_id': 't7znwnFObO96cR3hZUUmdX1wKW1NTpb4wx9bLYqmLjgIlSAu7yrUhBGG0Kwq9588cOR2wcBBU4872E5vmwUZ5vWcLFjHLu7c5sHbSPPCTNF7G7gXSi6QNrxXMGRHguOfmgoPw2eLs8rAhhnwHiGaQZSFD3Gqi8cXUIPG5O769EGTEINX4xy4SgmOenJbAEhW159zrBRSUvkzdjEtXisOOREan7XADoSUuFIFoxcueQKWi2AdfcrgGIxRiChVl4Q'}
[2025-02-13 22:37:36,603] - [INFO] - client.cat_favorites_client (line: 45) -  Received response with status code: 400 and body: DUPLICATE_FAVOURITE - favourites are unique for account + image_id + sub_id
[2025-02-13 22:37:36,786] - [INFO] - client.cat_favorites_client (line: 50) -  Making DELETE request to: https://api.thecatapi.com//v1/favourites/232515842 with params: {'api_key': 'live_Qc2yvxGD20H7cPuXf2TMWoxZmGT25UVZyPKHwR5vIlxLvmjLvx01PwXo8rXYu78O'}
[2025-02-13 22:37:37,260] - [INFO] - client.cat_favorites_client (line: 56) -  Received response with status code: 200 and body: {"message":"SUCCESS"}
[2025-02-13 22:37:37,262] - [INFO] - fixture.authorization_fixture (line: 16) -  Logging of test execution has ended
[2025-02-13 22:37:55,658] - [INFO] - client.cat_favorites_client (line: 29) -  Logger initialized
[2025-02-13 22:37:57,076] - [INFO] - client.cat_favorites_client (line: 29) -  Logger initialized
[2025-02-13 22:37:57,086] - [INFO] - fixture.authorization_fixture (line: 29) -  Logger initialized
[2025-02-13 22:37:57,087] - [INFO] - fixture.authorization_fixture (line: 12) -  Loggin of test execution has started
[2025-02-13 22:37:57,087] - [INFO] - fixture.authorization_fixture (line: 73) -  create favotite as test data:
[2025-02-13 22:37:57,087] - [INFO] - client.cat_favorites_client (line: 38) -  Making POST request to: https://api.thecatapi.com//v1/favourites with body: {'image_id': '6BeBD2PeTa8r', 'sub_id': 'KyaM6Q9PUQLj0tHStjgST73iVqGzHewHSqKB8Oci13rqnQ6NWayAQ4fnljOKqH93MAPGhKsYLAC9IEwGYbhB5vsMQPHGn15wYtx2xFFpz1eRMX4ccUkRwc7Qs3K6RsGecatMX4yfTVMrGe0PQ8f8IxCDhBVHWtZBFUQ2MMJsTJ9KI9fDlYc5ksRqkS4TCfaLiSJEtNd5yIG84qjGzxebfVmZHlYVTY4Ww8VpjXqRXLo2uzJG0begoCpox1CvYeK2'}
[2025-02-13 22:37:58,377] - [INFO] - client.cat_favorites_client (line: 45) -  Received response with status code: 200 and body: {"message":"SUCCESS","id":232515843}
[2025-02-13 22:37:58,380] - [INFO] - fixture.authorization_fixture (line: 105) -  test_create_favorite_with_duplicated_favorites has started:
[2025-02-13 22:37:58,381] - [INFO] - client.cat_favorites_client (line: 28) -  Making GET request to: https://api.thecatapi.com//v1/favourites/232515843 with params: {'api_key': 'live_Qc2yvxGD20H7cPuXf2TMWoxZmGT25UVZyPKHwR5vIlxLvmjLvx01PwXo8rXYu78O'}
[2025-02-13 22:37:58,882] - [INFO] - client.cat_favorites_client (line: 34) -  Received response with status code: 200, params: {'api_key': 'live_Qc2yvxGD20H7cPuXf2TMWoxZmGT25UVZyPKHwR5vIlxLvmjLvx01PwXo8rXYu78O'} and body: {"id":232515843,"user_id":"1ui9xu","image_id":"6BeBD2PeTa8","sub_id":"KyaM6Q9PUQLj0tHStjgST73iVqGzHewHSqKB8Oci13rqnQ6NWayAQ4fnljOKqH93MAPGhKsYLAC9IEwGYbhB5vsMQPHGn15wYtx2xFFpz1eRMX4ccUkRwc7Qs3K6RsGecatMX4yfTVMrGe0PQ8f8IxCDhBVHWtZBFUQ2MMJsTJ9KI9fDlYc5ksRqkS4TCfaLiSJEtNd5yIG84qjGzxebfVmZHlYVTY4Ww8VpjXqRXLo2uzJG0begoCpox1CvYeK","created_at":"2025-02-13T20:37:59.000Z","image":{}}
[2025-02-13 22:37:58,883] - [INFO] - client.cat_favorites_client (line: 38) -  Making POST request to: https://api.thecatapi.com//v1/favourites with body: {'image_id': '6BeBD2PeTa8', 'sub_id': 'KyaM6Q9PUQLj0tHStjgST73iVqGzHewHSqKB8Oci13rqnQ6NWayAQ4fnljOKqH93MAPGhKsYLAC9IEwGYbhB5vsMQPHGn15wYtx2xFFpz1eRMX4ccUkRwc7Qs3K6RsGecatMX4yfTVMrGe0PQ8f8IxCDhBVHWtZBFUQ2MMJsTJ9KI9fDlYc5ksRqkS4TCfaLiSJEtNd5yIG84qjGzxebfVmZHlYVTY4Ww8VpjXqRXLo2uzJG0begoCpox1CvYeK'}
[2025-02-13 22:37:59,354] - [INFO] - client.cat_favorites_client (line: 45) -  Received response with status code: 400 and body: DUPLICATE_FAVOURITE - favourites are unique for account + image_id + sub_id
[2025-02-13 22:37:59,677] - [INFO] - client.cat_favorites_client (line: 50) -  Making DELETE request to: https://api.thecatapi.com//v1/favourites/232515843 with params: {'api_key': 'live_Qc2yvxGD20H7cPuXf2TMWoxZmGT25UVZyPKHwR5vIlxLvmjLvx01PwXo8rXYu78O'}
[2025-02-13 22:38:00,117] - [INFO] - client.cat_favorites_client (line: 56) -  Received response with status code: 200 and body: {"message":"SUCCESS"}
[2025-02-13 22:38:00,118] - [INFO] - fixture.authorization_fixture (line: 16) -  Logging of test execution has ended
[2025-02-13 22:38:31,345] - [INFO] - client.cat_favorites_client (line: 29) -  Logger initialized
[2025-02-13 22:38:33,261] - [INFO] - client.cat_favorites_client (line: 29) -  Logger initialized
[2025-02-13 22:38:33,269] - [INFO] - fixture.authorization_fixture (line: 29) -  Logger initialized
[2025-02-13 22:38:33,269] - [INFO] - fixture.authorization_fixture (line: 12) -  Loggin of test execution has started
[2025-02-13 22:38:33,270] - [INFO] - fixture.authorization_fixture (line: 73) -  create favotite as test data:
[2025-02-13 22:38:33,270] - [INFO] - client.cat_favorites_client (line: 38) -  Making POST request to: https://api.thecatapi.com//v1/favourites with body: {'image_id': 'oC011tL0z5AI', 'sub_id': 'WMq8qoWumulhLwvjpHzYXwArV62L63kKooZYsUysSfwxygTTQTaMplFueYGqfRXscx9vXiveEWJuYePZ9ZrGqoxjhfCJ7qPsZ5Ybn3Jlh8te2NiCMQNXTVbcPtKMi67Ub8Z7efKA6yO8p4WzjKlqhkc4s3p9vv24i5rKNtPVRdxcQmO5GDM7kbxmMnHL1NjETziRDXLUKWucssrOKZUr5wtUlzZmNbJwsXuUYkVeUDb19FhuXPtSdqWTPILg5hyz'}
[2025-02-13 22:38:33,769] - [INFO] - client.cat_favorites_client (line: 45) -  Received response with status code: 200 and body: {"message":"SUCCESS","id":232515844}
[2025-02-13 22:38:33,771] - [INFO] - fixture.authorization_fixture (line: 105) -  test_create_favorite_with_duplicated_favorites has started:
[2025-02-13 22:38:33,771] - [INFO] - client.cat_favorites_client (line: 28) -  Making GET request to: https://api.thecatapi.com//v1/favourites/232515844 with params: {'api_key': 'live_Qc2yvxGD20H7cPuXf2TMWoxZmGT25UVZyPKHwR5vIlxLvmjLvx01PwXo8rXYu78O'}
[2025-02-13 22:38:35,686] - [INFO] - client.cat_favorites_client (line: 34) -  Received response with status code: 200, params: {'api_key': 'live_Qc2yvxGD20H7cPuXf2TMWoxZmGT25UVZyPKHwR5vIlxLvmjLvx01PwXo8rXYu78O'} and body: {"id":232515844,"user_id":"1ui9xu","image_id":"oC011tL0z5A","sub_id":"WMq8qoWumulhLwvjpHzYXwArV62L63kKooZYsUysSfwxygTTQTaMplFueYGqfRXscx9vXiveEWJuYePZ9ZrGqoxjhfCJ7qPsZ5Ybn3Jlh8te2NiCMQNXTVbcPtKMi67Ub8Z7efKA6yO8p4WzjKlqhkc4s3p9vv24i5rKNtPVRdxcQmO5GDM7kbxmMnHL1NjETziRDXLUKWucssrOKZUr5wtUlzZmNbJwsXuUYkVeUDb19FhuXPtSdqWTPILg5hy","created_at":"2025-02-13T20:38:35.000Z","image":{}}
[2025-02-13 22:38:35,687] - [INFO] - client.cat_favorites_client (line: 38) -  Making POST request to: https://api.thecatapi.com//v1/favourites with body: {'image_id': 'oC011tL0z5A', 'sub_id': 'WMq8qoWumulhLwvjpHzYXwArV62L63kKooZYsUysSfwxygTTQTaMplFueYGqfRXscx9vXiveEWJuYePZ9ZrGqoxjhfCJ7qPsZ5Ybn3Jlh8te2NiCMQNXTVbcPtKMi67Ub8Z7efKA6yO8p4WzjKlqhkc4s3p9vv24i5rKNtPVRdxcQmO5GDM7kbxmMnHL1NjETziRDXLUKWucssrOKZUr5wtUlzZmNbJwsXuUYkVeUDb19FhuXPtSdqWTPILg5hy'}
[2025-02-13 22:38:36,131] - [INFO] - client.cat_favorites_client (line: 45) -  Received response with status code: 400 and body: DUPLICATE_FAVOURITE - favourites are unique for account + image_id + sub_id
[2025-02-13 22:38:36,136] - [INFO] - client.cat_favorites_client (line: 50) -  Making DELETE request to: https://api.thecatapi.com//v1/favourites/232515844 with params: {'api_key': 'live_Qc2yvxGD20H7cPuXf2TMWoxZmGT25UVZyPKHwR5vIlxLvmjLvx01PwXo8rXYu78O'}
[2025-02-13 22:38:36,598] - [INFO] - client.cat_favorites_client (line: 56) -  Received response with status code: 200 and body: {"message":"SUCCESS"}
[2025-02-13 22:38:36,601] - [INFO] - fixture.authorization_fixture (line: 16) -  Logging of test execution has ended
[2025-02-14 03:11:33,478] - [INFO] - client.cat_favorites_client (line: 29) -  Logger initialized
[2025-02-14 03:11:33,500] - [INFO] - client.cat_favorites_client (line: 29) -  Logger initialized
[2025-02-14 03:11:33,519] - [INFO] - fixture.authorization_fixture (line: 29) -  Logger initialized
[2025-02-14 03:11:33,519] - [INFO] - fixture.authorization_fixture (line: 12) -  Loggin of test execution has started
[2025-02-14 03:11:33,521] - [INFO] - fixture.authorization_fixture (line: 54) -  test_retrieve_favorites favorites has started:
[2025-02-14 03:11:33,521] - [INFO] - client.cat_favorites_client (line: 17) -  Making GET request to: https://api.thecatapi.com//v1/favourites with params: {'api_key': 'live_Qc2yvxGD20H7cPuXf2TMWoxZmGT25UVZyPKHwR5vIlxLvmjLvx01PwXo8rXYu78O'}
[2025-02-14 03:11:35,373] - [INFO] - client.cat_favorites_client (line: 23) -  Received response with status code: 200 and body: [{"id":232514427,"user_id":"1ui9xu","image_id":"asf2","sub_id":"my-user-1234","created_at":"2025-02-06T01:08:04.000Z","image":{}},{"id":232514431,"user_id":"1ui9xu","image_id":"Hylo4Snaf","sub_id":"my-user-1234","created_at":"2025-02-06T01:17:40.000Z","image":{}},{"id":232514432,"user_id":"1ui9xu","image_id":"-1","sub_id":"my-user-1234","created_at":"2025-02-06T01:17:49.000Z","image":{}},{"id":232514437,"user_id":"1ui9xu","image_id":"Hylo4Snaf","sub_id":"my-user-1236","created_at":"2025-02-06T01:22:20.000Z","image":{}},{"id":232515360,"user_id":"1ui9xu","image_id":"random_pic","sub_id":"my-user-1234","created_at":"2025-02-12T00:32:42.000Z","image":{}},{"id":232515362,"user_id":"1ui9xu","image_id":"bco5LkOuxc","sub_id":"cESwVOagJT","created_at":"2025-02-12T01:35:13.000Z","image":{}},{"id":232515364,"user_id":"1ui9xu","image_id":"nrr4Dxxym8","sub_id":"xqUHKqQQ3t","created_at":"2025-02-12T01:47:33.000Z","image":{}},{"id":232515365,"user_id":"1ui9xu","image_id":"NWxrbAxbjW","sub_id":"vk9Uj7RdmA","created_at":"2025-02-12T01:48:41.000Z","image":{}},{"id":232515366,"user_id":"1ui9xu","image_id":"znZmpFbX2x","sub_id":"FHmblbamxS","created_at":"2025-02-12T01:51:33.000Z","image":{}},{"id":232515368,"user_id":"1ui9xu","image_id":"Ggahz5paXs","sub_id":"tX2NvoOu2E","created_at":"2025-02-12T01:54:47.000Z","image":{}},{"id":232515369,"user_id":"1ui9xu","image_id":"RvoicyujQU","sub_id":"kUWtQdYCrv","created_at":"2025-02-12T01:55:21.000Z","image":{}},{"id":232515370,"user_id":"1ui9xu","image_id":"4njNGT2eox","sub_id":"SGkEmMXcCT","created_at":"2025-02-12T01:55:53.000Z","image":{}},{"id":232515371,"user_id":"1ui9xu","image_id":"evyiyCeNmS","sub_id":"7kr5z7zTLs","created_at":"2025-02-12T01:56:36.000Z","image":{}},{"id":232515372,"user_id":"1ui9xu","image_id":"UP6ie826GP","sub_id":"o4oc00OpzX","created_at":"2025-02-12T01:58:47.000Z","image":{}},{"id":232515373,"user_id":"1ui9xu","image_id":"KkPWEfplro","sub_id":"KrcxrObK1N","created_at":"2025-02-12T02:02:07.000Z","image":{}},{"id":232515374,"user_id":"1ui9xu","image_id":"xDYQuWxeut","sub_id":"salqRK8lDb","created_at":"2025-02-12T02:02:38.000Z","image":{}},{"id":232515375,"user_id":"1ui9xu","image_id":"hjXwdBEexc","sub_id":"SJ3RVgz2cQ","created_at":"2025-02-12T02:08:07.000Z","image":{}},{"id":232515376,"user_id":"1ui9xu","image_id":"M8lGYpVxnT","sub_id":"KQqD3haWSV","created_at":"2025-02-12T02:08:45.000Z","image":{}},{"id":232515378,"user_id":"1ui9xu","image_id":"pveE9JBzrQ","sub_id":"tWe8p7hPL7","created_at":"2025-02-12T02:14:14.000Z","image":{}},{"id":232515379,"user_id":"1ui9xu","image_id":"cs4jlXwwNJ","sub_id":"rXibY3Y1vY","created_at":"2025-02-12T02:15:59.000Z","image":{}},{"id":232515380,"user_id":"1ui9xu","image_id":"eAvskFVtyp","sub_id":"zgyT5mCOtT","created_at":"2025-02-12T02:16:41.000Z","image":{}},{"id":232515381,"user_id":"1ui9xu","image_id":"HHEE25R82Q","sub_id":"BICiaTAYh8","created_at":"2025-02-12T02:18:28.000Z","image":{}},{"id":232515382,"user_id":"1ui9xu","image_id":"EWf1CaVdwC","sub_id":"gdzOPpuBjX","created_at":"2025-02-12T02:19:22.000Z","image":{}},{"id":232515388,"user_id":"1ui9xu","image_id":"obaTsuI7xH","sub_id":"O3vbrMTJ3Z","created_at":"2025-02-12T03:30:28.000Z","image":{}},{"id":232515392,"user_id":"1ui9xu","image_id":"GsSfk5owsC","sub_id":"b9vhowl69O","created_at":"2025-02-12T03:35:43.000Z","image":{}},{"id":232515825,"user_id":"1ui9xu","image_id":"nVaORlER0c5","sub_id":"XK5NgXsF78","created_at":"2025-02-13T20:09:35.000Z","image":{}},{"id":232515826,"user_id":"1ui9xu","image_id":"7zpkSGL0G4P","sub_id":"AEMqOWNsYH","created_at":"2025-02-13T20:09:58.000Z","image":{}},{"id":232515827,"user_id":"1ui9xu","image_id":"CUzi44dk9mk","sub_id":"npjZHFvWeF","created_at":"2025-02-13T20:10:17.000Z","image":{}},{"id":232515828,"user_id":"1ui9xu","image_id":"CmrHjd0OR2l","sub_id":"1AsxiY88MY","created_at":"2025-02-13T20:15:06.000Z","image":{}},{"id":232515829,"user_id":"1ui9xu","image_id":"dhBySZdyoLW","sub_id":"Jxj4lQzrx8","created_at":"2025-02-13T20:15:34.000Z","image":{}},{"id":232515830,"user_id":"1ui9xu","image_id":"g0TnQpVo3Kt","sub_id":"C5WZJjkHRK","created_at":"2025-02-13T20:16:56.000Z","image":{}},{"id":232515831,"user_id":"1ui9xu","image_id":"EWLJ9JmLNmB","sub_id":"bvR5KjjRN6","created_at":"2025-02-13T20:17:31.000Z","image":{}},{"id":232515832,"user_id":"1ui9xu","image_id":"IgbZECPZG76","sub_id":"hdPawyjN4p","created_at":"2025-02-13T20:19:10.000Z","image":{}},{"id":232515833,"user_id":"1ui9xu","image_id":"zmAZTQ8Yn2i","sub_id":"PziKO0PGjo","created_at":"2025-02-13T20:19:52.000Z","image":{}}]
[2025-02-14 03:11:35,461] - [INFO] - fixture.authorization_fixture (line: 16) -  Logging of test execution has ended
